Component: ARM Compiler 5.06 update 6 (build 750) Tool: armlink [4d35ed]

==============================================================================

Section Cross References

    beep.o(.text) refers to stm32f4xx_rcc.o(.text) for RCC_AHB1PeriphClockCmd
    beep.o(.text) refers to stm32f4xx_gpio.o(.text) for GPIO_Init
    beep.o(.text) refers to delay.o(.text) for Delay_ms
    beep.o(.text) refers to memcpya.o(.text) for __aeabi_memcpy4
    beep.o(.text) refers to beep.o(.constdata) for .constdata
    can1.o(.text) refers to stm32f4xx_rcc.o(.text) for RCC_APB1PeriphClockCmd
    can1.o(.text) refers to stm32f4xx_gpio.o(.text) for GPIO_PinAFConfig
    can1.o(.text) refers to misc.o(.text) for NVIC_Init
    can1.o(.text) refers to stm32f4xx_can.o(.text) for CAN_DeInit
    can2.o(.text) refers to stm32f4xx_rcc.o(.text) for RCC_APB1PeriphClockCmd
    can2.o(.text) refers to stm32f4xx_gpio.o(.text) for GPIO_PinAFConfig
    can2.o(.text) refers to misc.o(.text) for NVIC_Init
    can2.o(.text) refers to stm32f4xx_can.o(.text) for CAN_DeInit
    can2.o(.text) refers to param.o(.text) for ChangeData
    can2.o(.text) refers to os_time.o(.text) for OSTimeGet
    can2.o(.text) refers to motor.o(.text) for pulse_caculate
    can2.o(.text) refers to motor.o(.bss) for motor
    can2.o(.text) refers to can2.o(.bss) for DJ_tx_message
    led8.o(.text) refers to stm32f4xx_rcc.o(.text) for RCC_AHB1PeriphClockCmd
    led8.o(.text) refers to stm32f4xx_gpio.o(.text) for GPIO_Init
    led8.o(.text) refers to led8.o(.constdata) for LED_table
    led.o(.text) refers to stm32f4xx_rcc.o(.text) for RCC_AHB1PeriphClockCmd
    led.o(.text) refers to stm32f4xx_gpio.o(.text) for GPIO_Init
    led.o(.text) refers to os_time.o(.text) for OSTimeDly
    main.o(.text) refers to os_time.o(.text) for OSTimeDly
    main.o(.text) refers to led.o(.text) for Led_Show
    main.o(.text) refers to beep.o(.text) for Beep_Show
    main.o(.text) refers to led8.o(.text) for Led8DisData
    main.o(.text) refers to os_cpu_c.o(.text) for OS_CPU_SysTickInit
    main.o(.text) refers to os_cpu_a.o(.text) for OS_CPU_SR_Save
    main.o(.text) refers to os_task.o(.text) for OSTaskCreate
    main.o(.text) refers to delay.o(.text) for Delay_ms
    main.o(.text) refers to system_stm32f4xx.o(.text) for SystemInit
    main.o(.text) refers to misc.o(.text) for NVIC_PriorityGroupConfig
    main.o(.text) refers to can1.o(.text) for CAN1_Configuration
    main.o(.text) refers to can2.o(.text) for CAN2_Mode_Init
    main.o(.text) refers to tim3.o(.text) for TIM3_Init
    main.o(.text) refers to param.o(.text) for param_Init
    main.o(.text) refers to os_core.o(.text) for OSInit
    main.o(.text) refers to motor.o(.bss) for motor
    main.o(.text) refers to main.o(.bss) for LCD_TASK_STK
    param.o(.text) refers to malloc.o(i.malloc) for malloc
    param.o(.text) refers to motor.o(.text) for Motor_Init
    param.o(.text) refers to malloc.o(i.free) for free
    param.o(.text) refers to param.o(.bss) for flag
    param.o(.text) refers to param.o(.data) for Eerror
    stm32f4xx_it.o(.text) refers to delay.o(.text) for Delay_ms
    stm32f4xx_it.o(.text) refers to led8.o(.text) for Led8DisData
    tim3.o(.text) refers to stm32f4xx_rcc.o(.text) for RCC_APB1PeriphClockCmd
    tim3.o(.text) refers to stm32f4xx_tim.o(.text) for TIM_TimeBaseInit
    tim3.o(.text) refers to misc.o(.text) for NVIC_Init
    tim3.o(.text) refers to motor.o(.text) for speed_mode
    tim3.o(.text) refers to pid.o(.text) for peakcurrent
    tim3.o(.text) refers to motor.o(.bss) for motor
    usart1.o(.text) refers to sys.o(.text) for GPIO_Set
    usart1.o(.text) refers to dma.o(.text) for MYDMA_Config
    usart1.o(.text) refers to stm32f4xx_dma.o(.text) for DMA_ITConfig
    usart1.o(.text) refers to memcpya.o(.text) for __aeabi_memcpy
    usart1.o(.text) refers to param.o(.bss) for usart
    pid.o(.text) refers to motor.o(.bss) for motor
    motor.o(.text) refers to pid.o(.text) for PID_Init
    motor.o(.text) refers to memcpya.o(.text) for __aeabi_memcpy4
    motor.o(.text) refers to motor.o(.bss) for M3508instrin
    motor.o(.text) refers to motor.o(.data) for DJflag
    motor.o(.text) refers to stm32f4xx_can.o(.text) for CAN_Transmit
    sys.o(.text) refers to sys.o(.emb_text) for WFI_SET
    stm32f4xx_can.o(.text) refers to stm32f4xx_rcc.o(.text) for RCC_APB1PeriphResetCmd
    stm32f4xx_gpio.o(.text) refers to stm32f4xx_rcc.o(.text) for RCC_AHB1PeriphResetCmd
    stm32f4xx_rcc.o(.text) refers to stm32f4xx_rcc.o(.data) for APBAHBPrescTable
    stm32f4xx_tim.o(.text) refers to stm32f4xx_rcc.o(.text) for RCC_APB2PeriphResetCmd
    stm32f4xx_usart.o(.text) refers to stm32f4xx_rcc.o(.text) for RCC_APB2PeriphResetCmd
    system_stm32f4xx.o(.text) refers to system_stm32f4xx.o(.data) for SystemCoreClock
    startup_stm32f4xx.o(RESET) refers to startup_stm32f4xx.o(STACK) for __initial_sp
    startup_stm32f4xx.o(RESET) refers to startup_stm32f4xx.o(.text) for Reset_Handler
[...]
    os_core.o(.text) refers to os_mem.o(.text) for OS_MemInit
    os_core.o(.text) refers to os_q.o(.text) for OS_QInit
    os_core.o(.text) refers to os_core.o(.bss) for OSTCBPrioTbl
    os_core.o(.text) refers to os_core.o(.data) for OSStatRdy
    os_core.o(.text) refers to os_core.o(.constdata) for OSUnMapTbl
    os_flag.o(.text) refers to os_cpu_a.o(.text) for OS_CPU_SR_Save
    os_flag.o(.text) refers to os_core.o(.text) for OS_Sched
    os_flag.o(.text) refers to os_core.o(.data) for OSIntNesting
    os_flag.o(.text) refers to os_core.o(.bss) for OSFlagTbl
    os_mbox.o(.text) refers to os_cpu_a.o(.text) for OS_CPU_SR_Save
    os_mbox.o(.text) refers to os_core.o(.text) for OS_EventWaitListInit
    os_mbox.o(.text) refers to os_core.o(.data) for OSIntNesting
    os_mem.o(.text) refers to os_cpu_a.o(.text) for OS_CPU_SR_Save
    os_mem.o(.text) refers to os_core.o(.text) for OS_StrLen
    os_mem.o(.text) refers to os_core.o(.data) for OSMemFreeList
    os_mem.o(.text) refers to os_core.o(.bss) for OSMemTbl
    os_mutex.o(.text) refers to os_cpu_a.o(.text) for OS_CPU_SR_Save
    os_mutex.o(.text) refers to os_core.o(.text) for OS_EventWaitListInit
    os_mutex.o(.text) refers to os_core.o(.data) for OSIntNesting
    os_mutex.o(.text) refers to os_core.o(.bss) for OSTCBPrioTbl
    os_q.o(.text) refers to os_cpu_a.o(.text) for OS_CPU_SR_Save
    os_q.o(.text) refers to os_core.o(.text) for OS_EventWaitListInit
    os_q.o(.text) refers to os_core.o(.data) for OSIntNesting
    os_q.o(.text) refers to os_core.o(.bss) for OSQTbl
    os_sem.o(.text) refers to os_cpu_a.o(.text) for OS_CPU_SR_Save
    os_sem.o(.text) refers to os_core.o(.text) for OS_EventWaitListInit
    os_sem.o(.text) refers to os_core.o(.data) for OSIntNesting
    os_task.o(.text) refers to os_cpu_a.o(.text) for OS_CPU_SR_Save
    os_task.o(.text) refers to os_core.o(.text) for OS_Sched
    os_task.o(.text) refers to os_cpu_c.o(.text) for OSTaskStkInit
    os_task.o(.text) refers to os_flag.o(.text) for OS_FlagUnlink
    os_task.o(.text) refers to os_core.o(.bss) for OSTCBPrioTbl
    os_task.o(.text) refers to os_core.o(.data) for OSTCBCur
    os_time.o(.text) refers to os_cpu_a.o(.text) for OS_CPU_SR_Save
    os_time.o(.text) refers to os_core.o(.text) for OS_Sched
    os_time.o(.text) refers to os_core.o(.data) for OSIntNesting
    os_time.o(.text) refers to os_core.o(.bss) for OSTCBPrioTbl
    os_cpu_a.o(.text) refers to os_core.o(.data) for OSRunning
    os_cpu_a.o(.text) refers to os_cpu_c.o(.text) for OSTaskSwHook
    os_cpu_c.o(.text) refers to os_cpu_a.o(.text) for OS_CPU_SR_Save
    os_cpu_c.o(.text) refers to os_core.o(.text) for OSTimeTick
    os_cpu_c.o(.text) refers to stm32f4xx_rcc.o(.text) for RCC_GetClocksFreq
    os_cpu_c.o(.text) refers to os_cpu_c.o(.data) for tick_ms
    os_cpu_c.o(.text) refers to os_core.o(.data) for OSIntNesting
    entry.o(.ARM.Collect$$$$00000000) refers (Special) to entry10a.o(.ARM.Collect$$$$0000000D) for __rt_final_cpp
    entry.o(.ARM.Collect$$$$00000000) refers (Special) to entry11a.o(.ARM.Collect$$$$0000000F) for __rt_final_exit
    entry.o(.ARM.Collect$$$$00000000) refers (Special) to entry7b.o(.ARM.Collect$$$$00000008) for _main_clock
    entry.o(.ARM.Collect$$$$00000000) refers (Special) to entry8b.o(.ARM.Collect$$$$0000000A) for _main_cpp_init
    entry.o(.ARM.Collect$$$$00000000) refers (Special) to entry9a.o(.ARM.Collect$$$$0000000B) for _main_init
    entry.o(.ARM.Collect$$$$00000000) refers (Special) to entry5.o(.ARM.Collect$$$$00000004) for _main_scatterload
    entry.o(.ARM.Collect$$$$00000000) refers (Special) to entry2.o(.ARM.Collect$$$$00000001) for _main_stk
    malloc.o(i.free) refers to mvars.o(.data) for __microlib_freelist
    malloc.o(i.malloc) refers to mvars.o(.data) for __microlib_freelist_initialised
    malloc.o(i.malloc) refers to mvars.o(.data) for __microlib_freelist
    malloc.o(i.malloc) refers to startup_stm32f4xx.o(HEAP) for __heap_base
    mallocr.o(i.__free$realloc) refers to mvars.o(.data) for __microlib_freelist
    mallocr.o(i.__malloc$realloc) refers to mallocr.o(i.internal_alloc) for internal_alloc
    mallocr.o(i.__malloc$realloc) refers to mvars.o(.data) for __microlib_freelist_initialised
    mallocr.o(i.__malloc$realloc) refers to startup_stm32f4xx.o(HEAP) for __heap_base
    mallocr.o(i.__malloc$realloc) refers to mvars.o(.data) for __microlib_freelist
    mallocr.o(i.internal_alloc) refers to memcpya.o(.text) for __aeabi_memcpy
    mallocr.o(i.internal_alloc) refers to mvars.o(.data) for __microlib_freelist
    mallocr.o(i.realloc) refers to mallocr.o(i.__free$realloc) for __free$realloc
    mallocr.o(i.realloc) refers to mallocr.o(i.internal_alloc) for internal_alloc
    mallocr.o(i.realloc) refers to mallocr.o(i.__malloc$realloc) for __malloc$realloc
    mallocr.o(i.realloc) refers to mvars.o(.data) for __microlib_freelist
    malloca.o(i.__aligned_malloc) refers to mvars.o(.data) for __microlib_freelist_initialised
    malloca.o(i.__aligned_malloc) refers to mvars.o(.data) for __microlib_freelist
    malloca.o(i.__aligned_malloc) refers to startup_stm32f4xx.o(HEAP) for __heap_base
    malloca.o(i.__free$memalign) refers to mvars.o(.data) for __microlib_freelist
    malloca.o(i.__malloc$memalign) refers to malloca.o(i.__aligned_malloc) for __aligned_malloc
    mallocra.o(i.__aligned_malloc$realloc) refers to mallocra.o(i.internal_alloc) for internal_alloc
    mallocra.o(i.__aligned_malloc$realloc) refers to mvars.o(.data) for __microlib_freelist_initialised
    mallocra.o(i.__aligned_malloc$realloc) refers to startup_stm32f4xx.o(HEAP) for __heap_base
    mallocra.o(i.__aligned_malloc$realloc) refers to mvars.o(.data) for __microlib_freelist
    mallocra.o(i.__free$realloc$memalign) refers to mvars.o(.data) for __microlib_freelist
    mallocra.o(i.__malloc$realloc$memalign) refers to mallocra.o(i.__aligned_malloc$realloc) for __aligned_malloc$realloc
    mallocra.o(i.__realloc$memalign) refers to mallocra.o(i.__free$realloc$memalign) for __free$realloc$memalign
    mallocra.o(i.__realloc$memalign) refers to mallocra.o(i.internal_alloc) for internal_alloc
    mallocra.o(i.__realloc$memalign) refers to mallocra.o(i.__malloc$realloc$memalign) for __malloc$realloc$memalign
    mallocra.o(i.__realloc$memalign) refers to mvars.o(.data) for __microlib_freelist
    mallocra.o(i.internal_alloc) refers to memcpya.o(.text) for __aeabi_memcpy
    mallocra.o(i.internal_alloc) refers to mvars.o(.data) for __microlib_freelist
    entry2.o(.ARM.Collect$$$$00000001) refers to entry2.o(.ARM.Collect$$$$00002712) for __lit__00000000
    entry2.o(.ARM.Collect$$$$00002712) refers to startup_stm32f4xx.o(STACK) for __initial_sp
    entry2.o(__vectab_stack_and_reset_area) refers to startup_stm32f4xx.o(STACK) for __initial_sp
    entry2.o(__vectab_stack_and_reset_area) refers to entry.o(.ARM.Collect$$$$00000000) for __main
    entry5.o(.ARM.Collect$$$$00000004) refers to init.o(.text) for __scatterload
    entry9a.o(.ARM.Collect$$$$0000000B) refers to main.o(.text) for main
    entry9b.o(.ARM.Collect$$$$0000000C) refers to main.o(.text) for main
    init.o(.text) refers to entry5.o(.ARM.Collect$$$$00000004) for __main_after_scatterload


==============================================================================

Removing Unused input sections from the image.

    Removing beep.o(.rev16_text), (4 bytes).
    Removing beep.o(.revsh_text), (4 bytes).
    Removing beep.o(.rrx_text), (6 bytes).
    Removing can1.o(.rev16_text), (4 bytes).
    Removing can1.o(.revsh_text), (4 bytes).
    Removing can1.o(.rrx_text), (6 bytes).
    Removing delay.o(.rev16_text), (4 bytes).
    Removing delay.o(.revsh_text), (4 bytes).
    Removing delay.o(.rrx_text), (6 bytes).
    Removing can2.o(.rev16_text), (4 bytes).
    Removing can2.o(.revsh_text), (4 bytes).
    Removing can2.o(.rrx_text), (6 bytes).
    Removing can2.o(.data), (14 bytes).
    Removing led8.o(.rev16_text), (4 bytes).
    Removing led8.o(.revsh_text), (4 bytes).
    Removing led8.o(.rrx_text), (6 bytes).
    Removing led.o(.rev16_text), (4 bytes).
    Removing led.o(.revsh_text), (4 bytes).
    Removing led.o(.rrx_text), (6 bytes).
    Removing main.o(.rev16_text), (4 bytes).
    Removing main.o(.revsh_text), (4 bytes).
    Removing main.o(.rrx_text), (6 bytes).
    Removing param.o(.rev16_text), (4 bytes).
    Removing param.o(.revsh_text), (4 bytes).
    Removing param.o(.rrx_text), (6 bytes).
    Removing stm32f4xx_it.o(.rev16_text), (4 bytes).
    Removing stm32f4xx_it.o(.revsh_text), (4 bytes).
    Removing stm32f4xx_it.o(.rrx_text), (6 bytes).
    Removing tim3.o(.rev16_text), (4 bytes).
    Removing tim3.o(.revsh_text), (4 bytes).
    Removing tim3.o(.rrx_text), (6 bytes).
    Removing usart1.o(.rev16_text), (4 bytes).
    Removing usart1.o(.revsh_text), (4 bytes).
    Removing usart1.o(.rrx_text), (6 bytes).
    Removing usart1.o(.bss), (51 bytes).
    Removing pid.o(.rev16_text), (4 bytes).
    Removing pid.o(.revsh_text), (4 bytes).
    Removing pid.o(.rrx_text), (6 bytes).
    Removing motor.o(.rev16_text), (4 bytes).
    Removing motor.o(.revsh_text), (4 bytes).
    Removing motor.o(.rrx_text), (6 bytes).
    Removing buffer.o(.rev16_text), (4 bytes).
    Removing buffer.o(.revsh_text), (4 bytes).
    Removing buffer.o(.rrx_text), (6 bytes).
    Removing buffer.o(.text), (250 bytes).
    Removing dma.o(.rev16_text), (4 bytes).
    Removing dma.o(.revsh_text), (4 bytes).
    Removing dma.o(.rrx_text), (6 bytes).
    Removing visual_scope.o(.rev16_text), (4 bytes).
    Removing visual_scope.o(.revsh_text), (4 bytes).
    Removing visual_scope.o(.rrx_text), (6 bytes).
    Removing visual_scope.o(.text), (168 bytes).
    Removing sys.o(.rev16_text), (4 bytes).
    Removing sys.o(.revsh_text), (4 bytes).
    Removing sys.o(.rrx_text), (6 bytes).
    Removing misc.o(.rev16_text), (4 bytes).
    Removing misc.o(.revsh_text), (4 bytes).
    Removing misc.o(.rrx_text), (6 bytes).
    Removing stm32f4xx_can.o(.rev16_text), (4 bytes).
    Removing stm32f4xx_can.o(.revsh_text), (4 bytes).
    Removing stm32f4xx_can.o(.rrx_text), (6 bytes).
    Removing stm32f4xx_dma.o(.rev16_text), (4 bytes).
    Removing stm32f4xx_dma.o(.revsh_text), (4 bytes).
    Removing stm32f4xx_dma.o(.rrx_text), (6 bytes).
    Removing stm32f4xx_exti.o(.rev16_text), (4 bytes).
    Removing stm32f4xx_exti.o(.revsh_text), (4 bytes).
    Removing stm32f4xx_exti.o(.rrx_text), (6 bytes).
    Removing stm32f4xx_exti.o(.text), (284 bytes).
    Removing stm32f4xx_gpio.o(.rev16_text), (4 bytes).
    Removing stm32f4xx_gpio.o(.revsh_text), (4 bytes).
    Removing stm32f4xx_gpio.o(.rrx_text), (6 bytes).
    Removing stm32f4xx_rcc.o(.rev16_text), (4 bytes).
    Removing stm32f4xx_rcc.o(.revsh_text), (4 bytes).
    Removing stm32f4xx_rcc.o(.rrx_text), (6 bytes).
    Removing stm32f4xx_tim.o(.rev16_text), (4 bytes).
    Removing stm32f4xx_tim.o(.revsh_text), (4 bytes).
    Removing stm32f4xx_tim.o(.rrx_text), (6 bytes).
    Removing stm32f4xx_usart.o(.rev16_text), (4 bytes).
    Removing stm32f4xx_usart.o(.revsh_text), (4 bytes).
    Removing stm32f4xx_usart.o(.rrx_text), (6 bytes).
    Removing stm32f4xx_usart.o(.text), (1050 bytes).
    Removing system_stm32f4xx.o(.rev16_text), (4 bytes).
    Removing system_stm32f4xx.o(.revsh_text), (4 bytes).
    Removing system_stm32f4xx.o(.rrx_text), (6 bytes).
    Removing os_mbox.o(.text), (972 bytes).
    Removing os_mutex.o(.text), (1584 bytes).
    Removing os_sem.o(.text), (908 bytes).
    Removing os_cpu_c.o(.rev16_text), (4 bytes).
    Removing os_cpu_c.o(.revsh_text), (4 bytes).
    Removing os_cpu_c.o(.rrx_text), (6 bytes).
    Removing os_dbg.o(.constdata), (2 bytes).

91 unused section(s) (total 5661 bytes) removed from the image.

==============================================================================

Image Symbol Table

    Local Symbols

    Symbol Name                              Value     Ov Type        Size  Object(Section)

    ../clib/microlib/init/entry.s            0x00000000   Number         0  entry2.o ABSOLUTE
    ../clib/microlib/init/entry.s            0x00000000   Number         0  entry5.o ABSOLUTE
    ../clib/microlib/init/entry.s            0x00000000   Number         0  entry7b.o ABSOLUTE
    ../clib/microlib/init/entry.s            0x00000000   Number         0  entry11b.o ABSOLUTE
    ../clib/microlib/init/entry.s            0x00000000   Number         0  entry8a.o ABSOLUTE
    ../clib/microlib/init/entry.s            0x00000000   Number         0  entry11a.o ABSOLUTE
    ../clib/microlib/init/entry.s            0x00000000   Number         0  entry10b.o ABSOLUTE
    ../clib/microlib/init/entry.s            0x00000000   Number         0  entry8b.o ABSOLUTE
    ../clib/microlib/init/entry.s            0x00000000   Number         0  entry10a.o ABSOLUTE
    ../clib/microlib/init/entry.s            0x00000000   Number         0  entry9b.o ABSOLUTE
    ../clib/microlib/init/entry.s            0x00000000   Number         0  entry9a.o ABSOLUTE
    ../clib/microlib/init/entry.s            0x00000000   Number         0  entry7a.o ABSOLUTE
    ../clib/microlib/init/entry.s            0x00000000   Number         0  entry.o ABSOLUTE
    ../clib/microlib/malloc/malloc.c         0x00000000   Number         0  malloc.o ABSOLUTE
    ../clib/microlib/malloc/malloc.c         0x00000000   Number         0  mallocr.o ABSOLUTE
    ../clib/microlib/malloc/malloc.c         0x00000000   Number         0  malloca.o ABSOLUTE
    ../clib/microlib/malloc/malloc.c         0x00000000   Number         0  mallocra.o ABSOLUTE
    ../clib/microlib/malloc/mvars.c          0x00000000   Number         0  mvars.o ABSOLUTE
    ../clib/microlib/string/memcpy.c         0x00000000   Number         0  memcpyb.o ABSOLUTE
    ../clib/microlib/string/memcpy.c         0x00000000   Number         0  memcpya.o ABSOLUTE
    GeneralFunction\\src\\dma.c              0x00000000   Number         0  dma.o ABSOLUTE
    GeneralFunction\\src\\sys.c              0x00000000   Number         0  sys.o ABSOLUTE
    GeneralFunction\\src\\visual_scope.c     0x00000000   Number         0  visual_scope.o ABSOLUTE
    GeneralFunction\src\dma.c                0x00000000   Number         0  dma.o ABSOLUTE
    GeneralFunction\src\sys.c                0x00000000   Number         0  sys.o ABSOLUTE
    GeneralFunction\src\visual_scope.c       0x00000000   Number         0  visual_scope.o ABSOLUTE
    Libraries\CMSIS\system_stm32f4xx.c       0x00000000   Number         0  system_stm32f4xx.o ABSOLUTE
    Libraries\STM32F4xx_StdPeriph_Driver\src\misc.c 0x00000000   Number         0  misc.o ABSOLUTE
    Libraries\STM32F4xx_StdPeriph_Driver\src\stm32f4xx_can.c 0x00000000   Number         0  stm32f4xx_can.o ABSOLUTE
    Libraries\STM32F4xx_StdPeriph_Driver\src\stm32f4xx_dma.c 0x00000000   Number         0  stm32f4xx_dma.o ABSOLUTE
    Libraries\STM32F4xx_StdPeriph_Driver\src\stm32f4xx_exti.c 0x00000000   Number         0  stm32f4xx_exti.o ABSOLUTE
    Libraries\STM32F4xx_StdPeriph_Driver\src\stm32f4xx_gpio.c 0x00000000   Number         0  stm32f4xx_gpio.o ABSOLUTE
    Libraries\STM32F4xx_StdPeriph_Driver\src\stm32f4xx_rcc.c 0x00000000   Number         0  stm32f4xx_rcc.o ABSOLUTE
    Libraries\STM32F4xx_StdPeriph_Driver\src\stm32f4xx_tim.c 0x00000000   Number         0  stm32f4xx_tim.o ABSOLUTE
    Libraries\STM32F4xx_StdPeriph_Driver\src\stm32f4xx_usart.c 0x00000000   Number         0  stm32f4xx_usart.o ABSOLUTE
    Libraries\Startup\startup_stm32f4xx.s    0x00000000   Number         0  startup_stm32f4xx.o ABSOLUTE
    Libraries\\CMSIS\\system_stm32f4xx.c     0x00000000   Number         0  system_stm32f4xx.o ABSOLUTE
    Libraries\\STM32F4xx_StdPeriph_Driver\\src\\misc.c 0x00000000   Number         0  misc.o ABSOLUTE
    Libraries\\STM32F4xx_StdPeriph_Driver\\src\\stm32f4xx_can.c 0x00000000   Number         0  stm32f4xx_can.o ABSOLUTE
    Libraries\\STM32F4xx_StdPeriph_Driver\\src\\stm32f4xx_dma.c 0x00000000   Number         0  stm32f4xx_dma.o ABSOLUTE
    Libraries\\STM32F4xx_StdPeriph_Driver\\src\\stm32f4xx_exti.c 0x00000000   Number         0  stm32f4xx_exti.o ABSOLUTE
    Libraries\\STM32F4xx_StdPeriph_Driver\\src\\stm32f4xx_gpio.c 0x00000000   Number         0  stm32f4xx_gpio.o ABSOLUTE
    Libraries\\STM32F4xx_StdPeriph_Driver\\src\\stm32f4xx_rcc.c 0x00000000   Number         0  stm32f4xx_rcc.o ABSOLUTE
    Libraries\\STM32F4xx_StdPeriph_Driver\\src\\stm32f4xx_tim.c 0x00000000   Number         0  stm32f4xx_tim.o ABSOLUTE
    Libraries\\STM32F4xx_StdPeriph_Driver\\src\\stm32f4xx_usart.c 0x00000000   Number         0  stm32f4xx_usart.o ABSOLUTE
    USER\SRC\beep.c                          0x00000000   Number         0  beep.o ABSOLUTE
    USER\SRC\buffer.c                        0x00000000   Number         0  buffer.o ABSOLUTE
    USER\SRC\can1.c                          0x00000000   Number         0  can1.o ABSOLUTE
    USER\SRC\can2.c                          0x00000000   Number         0  can2.o ABSOLUTE
    USER\SRC\delay.c                         0x00000000   Number         0  delay.o ABSOLUTE
    USER\SRC\led.c                           0x00000000   Number         0  led.o ABSOLUTE
    USER\SRC\led8.c                          0x00000000   Number         0  led8.o ABSOLUTE
    USER\SRC\main.c                          0x00000000   Number         0  main.o ABSOLUTE
    USER\SRC\motor.c                         0x00000000   Number         0  motor.o ABSOLUTE
    USER\SRC\param.c                         0x00000000   Number         0  param.o ABSOLUTE
    USER\SRC\pid.c                           0x00000000   Number         0  pid.o ABSOLUTE
    USER\SRC\stm32f4xx_it.c                  0x00000000   Number         0  stm32f4xx_it.o ABSOLUTE
    USER\SRC\tim3.c                          0x00000000   Number         0  tim3.o ABSOLUTE
    USER\SRC\usart1.c                        0x00000000   Number         0  usart1.o ABSOLUTE
    USER\\SRC\\beep.c                        0x00000000   Number         0  beep.o ABSOLUTE
    USER\\SRC\\buffer.c                      0x00000000   Number         0  buffer.o ABSOLUTE
    USER\\SRC\\can1.c                        0x00000000   Number         0  can1.o ABSOLUTE
    USER\\SRC\\can2.c                        0x00000000   Number         0  can2.o ABSOLUTE
    USER\\SRC\\delay.c                       0x00000000   Number         0  delay.o ABSOLUTE
    USER\\SRC\\led.c                         0x00000000   Number         0  led.o ABSOLUTE
    USER\\SRC\\led8.c                        0x00000000   Number         0  led8.o ABSOLUTE
    USER\\SRC\\main.c                        0x00000000   Number         0  main.o ABSOLUTE
    USER\\SRC\\motor.c                       0x00000000   Number         0  motor.o ABSOLUTE
    USER\\SRC\\param.c                       0x00000000   Number         0  param.o ABSOLUTE
    USER\\SRC\\pid.c                         0x00000000   Number         0  pid.o ABSOLUTE
    USER\\SRC\\stm32f4xx_it.c                0x00000000   Number         0  stm32f4xx_it.o ABSOLUTE
    USER\\SRC\\tim3.c                        0x00000000   Number         0  tim3.o ABSOLUTE
    USER\\SRC\\usart1.c                      0x00000000   Number         0  usart1.o ABSOLUTE
    dc.s                                     0x00000000   Number         0  dc.o ABSOLUTE
    handlers.s                               0x00000000   Number         0  handlers.o ABSOLUTE
    init.s                                   0x00000000   Number         0  init.o ABSOLUTE
    uCOSII\CORE\os_core.c                    0x00000000   Number         0  os_core.o ABSOLUTE
    uCOSII\CORE\os_flag.c                    0x00000000   Number         0  os_flag.o ABSOLUTE
    uCOSII\CORE\os_mbox.c                    0x00000000   Number         0  os_mbox.o ABSOLUTE
    uCOSII\CORE\os_mem.c                     0x00000000   Number         0  os_mem.o ABSOLUTE
    uCOSII\CORE\os_mutex.c                   0x00000000   Number         0  os_mutex.o ABSOLUTE
    uCOSII\CORE\os_q.c                       0x00000000   Number         0  os_q.o ABSOLUTE
    uCOSII\CORE\os_sem.c                     0x00000000   Number         0  os_sem.o ABSOLUTE
    uCOSII\CORE\os_task.c                    0x00000000   Number         0  os_task.o ABSOLUTE
    uCOSII\CORE\os_time.c                    0x00000000   Number         0  os_time.o ABSOLUTE
    uCOSII\CORE\os_tmr.c                     0x00000000   Number         0  os_tmr.o ABSOLUTE
    uCOSII\PORT\os_cpu_a.asm                 0x00000000   Number         0  os_cpu_a.o ABSOLUTE
    uCOSII\PORT\os_cpu_c.c                   0x00000000   Number         0  os_cpu_c.o ABSOLUTE
    uCOSII\PORT\os_dbg.c                     0x00000000   Number         0  os_dbg.o ABSOLUTE
    uCOSII\\PORT\\os_cpu_c.c                 0x00000000   Number         0  os_cpu_c.o ABSOLUTE
    RESET                                    0x08000000   Section      392  startup_stm32f4xx.o(RESET)
    .ARM.Collect$$$$00000000                 0x08000188   Section        0  entry.o(.ARM.Collect$$$$00000000)
    .ARM.Collect$$$$00000001                 0x08000188   Section        4  entry2.o(.ARM.Collect$$$$00000001)
    .ARM.Collect$$$$00000004                 0x0800018c   Section        4  entry5.o(.ARM.Collect$$$$00000004)
    .ARM.Collect$$$$00000008                 0x08000190   Section        0  entry7b.o(.ARM.Collect$$$$00000008)
    .ARM.Collect$$$$0000000A                 0x08000190   Section        0  entry8b.o(.ARM.Collect$$$$0000000A)
    .ARM.Collect$$$$0000000B                 0x08000190   Section        8  entry9a.o(.ARM.Collect$$$$0000000B)
    .ARM.Collect$$$$0000000D                 0x08000198   Section        0  entry10a.o(.ARM.Collect$$$$0000000D)
    .ARM.Collect$$$$0000000F                 0x08000198   Section        0  entry11a.o(.ARM.Collect$$$$0000000F)
    .ARM.Collect$$$$00002712                 0x08000198   Section        4  entry2.o(.ARM.Collect$$$$00002712)
    __lit__00000000                          0x08000198   Data           4  entry2.o(.ARM.Collect$$$$00002712)
    .emb_text                                0x0800019c   Section       16  sys.o(.emb_text)
    $v0                                      0x0800019c   Number         0  sys.o(.emb_text)
    .text                                    0x080001ac   Section        0  beep.o(.text)
    .text                                    0x080002f4   Section        0  can1.o(.text)
    .text                                    0x0800049c   Section        0  delay.o(.text)
    .text                                    0x080004e0   Section        0  can2.o(.text)
    .text                                    0x08000970   Section        0  led8.o(.text)
    .text                                    0x08000a08   Section        0  led.o(.text)
    .text                                    0x08000ac4   Section        0  main.o(.text)
    Task_Motor                               0x08000ac5   Thumb Code    80  main.o(.text)
    Task_EPOS                                0x08000b15   Thumb Code    12  main.o(.text)
    Task_Elmo                                0x08000b21   Thumb Code    12  main.o(.text)
    Task_Led8                                0x08000b2d   Thumb Code    16  main.o(.text)
    Task_Lcd                                 0x08000b3d   Thumb Code    12  main.o(.text)
    Task_Start                               0x08000b49   Thumb Code   104  main.o(.text)
    .text                                    0x08000c38   Section        0  param.o(.text)
    .text                                    0x08000d54   Section        0  stm32f4xx_it.o(.text)
    .text                                    0x08000d78   Section        0  tim3.o(.text)
    .text                                    0x08000e64   Section        0  usart1.o(.text)
    .text                                    0x08000f84   Section        0  pid.o(.text)
    .text                                    0x080010ac   Section        0  motor.o(.text)
    .text                                    0x08001f50   Section        0  dma.o(.text)
    .text                                    0x08002098   Section        0  sys.o(.text)
    .text                                    0x080024f0   Section        0  misc.o(.text)
    .text                                    0x080025d0   Section        0  stm32f4xx_can.o(.text)
    CheckITStatus                            0x08002dd3   Thumb Code    18  stm32f4xx_can.o(.text)
    .text                                    0x08002fc0   Section        0  stm32f4xx_dma.o(.text)
    .text                                    0x08003368   Section        0  stm32f4xx_gpio.o(.text)
    .text                                    0x080035c4   Section        0  stm32f4xx_rcc.o(.text)
    .text                                    0x08003b4c   Section        0  stm32f4xx_tim.o(.text)
    TI4_Config                               0x080042eb   Thumb Code    80  stm32f4xx_tim.o(.text)
    TI3_Config                               0x0800434d   Thumb Code    72  stm32f4xx_tim.o(.text)
    TI2_Config                               0x080043af   Thumb Code    90  stm32f4xx_tim.o(.text)
    TI1_Config                               0x0800441b   Thumb Code    58  stm32f4xx_tim.o(.text)
    .text                                    0x080047f0   Section        0  system_stm32f4xx.o(.text)
    SetSysClock                              0x080047f1   Thumb Code   220  system_stm32f4xx.o(.text)
    .text                                    0x08004a00   Section       36  startup_stm32f4xx.o(.text)
    $v0                                      0x08004a00   Number         0  startup_stm32f4xx.o(.text)
    .text                                    0x08004a24   Section        0  os_core.o(.text)
    OS_InitTaskStat                          0x08004aeb   Thumb Code    52  os_core.o(.text)
    OS_InitTaskIdle                          0x08004b41   Thumb Code    52  os_core.o(.text)
    OS_InitEventList                         0x08004b87   Thumb Code    76  os_core.o(.text)
    OS_InitTCBList                           0x08004bd3   Thumb Code   106  os_core.o(.text)
    OS_InitRdyList                           0x08004c3d   Thumb Code    44  os_core.o(.text)
    OS_InitMisc                              0x08004c69   Thumb Code    44  os_core.o(.text)
    OS_SchedNew                              0x08004ce1   Thumb Code    26  os_core.o(.text)
    .text                                    0x080052e4   Section        0  os_flag.o(.text)
    OS_FlagTaskRdy                           0x0800545b   Thumb Code    82  os_flag.o(.text)
    OS_FlagBlock                             0x08005615   Thumb Code   152  os_flag.o(.text)
    .text                                    0x08005af0   Section        0  os_mem.o(.text)
    .text                                    0x08005cd4   Section        0  os_q.o(.text)
    .text                                    0x080062bc   Section        0  os_task.o(.text)
    .text                                    0x08006a7c   Section        0  os_time.o(.text)
    .text                                    0x08006c28   Section      176  os_cpu_a.o(.text)
    $v0                                      0x08006c28   Number         0  os_cpu_a.o(.text)
    .text                                    0x08006cd8   Section        0  os_cpu_c.o(.text)
    .text                                    0x08006f60   Section        0  memcpya.o(.text)
    .text                                    0x08006f84   Section       36  init.o(.text)
    i.__scatterload_copy                     0x08006fa8   Section       14  handlers.o(i.__scatterload_copy)
    i.__scatterload_null                     0x08006fb6   Section        2  handlers.o(i.__scatterload_null)
    i.__scatterload_zeroinit                 0x08006fb8   Section       14  handlers.o(i.__scatterload_zeroinit)
    i.free                                   0x08006fc8   Section        0  malloc.o(i.free)
    i.malloc                                 0x08007018   Section        0  malloc.o(i.malloc)
    .constdata                               0x08007084   Section       44  beep.o(.constdata)
    .constdata                               0x080070b0   Section       18  led8.o(.constdata)
    .constdata                               0x080070c2   Section      256  os_core.o(.constdata)
    .data                                    0x20000000   Section       12  param.o(.data)
    .data                                    0x2000000c   Section       32  motor.o(.data)
    .data                                    0x2000002c   Section       16  stm32f4xx_rcc.o(.data)
    APBAHBPrescTable                         0x2000002c   Data          16  stm32f4xx_rcc.o(.data)
    .data                                    0x2000003c   Section       20  system_stm32f4xx.o(.data)
    .data                                    0x20000050   Section       76  os_core.o(.data)
    .data                                    0x2000009c   Section        4  os_cpu_c.o(.data)
    .data                                    0x200000a0   Section        4  mvars.o(.data)
    .data                                    0x200000a4   Section        4  mvars.o(.data)
    .bss                                     0x200000a8   Section      116  can2.o(.bss)
    DJ_tx_message                            0x20000108   Data          20  can2.o(.bss)
    .bss                                     0x20000120   Section     9216  main.o(.bss)
    .bss                                     0x20002520   Section      683  param.o(.bss)
    .bss                                     0x200027cc   Section     1816  motor.o(.bss)
    .bss                                     0x20002ee4   Section     7084  os_core.o(.bss)
    HEAP                                     0x20004a90   Section    10240  startup_stm32f4xx.o(HEAP)
    STACK                                    0x20007290   Section     1024  startup_stm32f4xx.o(STACK)

    Global Symbols

    Symbol Name                              Value     Ov Type        Size  Object(Section)

    BuildAttributes$$THM_ISAv4$E$P$D$K$B$S$7EM$VFPi3$EXTD16$VFPS$VFMA$PE$A:L22UL41UL21$X:L11$S22US41US21$IEEE1$IW$USESV6$~STKCKD$USESV7$~SHL$OSPACE$EBA8$MICROLIB$REQ8$PRES8$EABIv2 0x00000000   Number         0  anon$$obj.o ABSOLUTE
    __ARM_use_no_argv                        0x00000000   Number         0  main.o ABSOLUTE
    __cpp_initialize__aeabi_                  - Undefined Weak Reference
    __cxa_finalize                            - Undefined Weak Reference
    __decompress                              - Undefined Weak Reference
    _clock_init                               - Undefined Weak Reference
    _microlib_exit                            - Undefined Weak Reference
    __Vectors_Size                           0x00000188   Number         0  startup_stm32f4xx.o ABSOLUTE
    __Vectors                                0x08000000   Data           4  startup_stm32f4xx.o(RESET)
    __Vectors_End                            0x08000188   Data           0  startup_stm32f4xx.o(RESET)
    __main                                   0x08000189   Thumb Code     0  entry.o(.ARM.Collect$$$$00000000)
    _main_stk                                0x08000189   Thumb Code     0  entry2.o(.ARM.Collect$$$$00000001)
    _main_scatterload                        0x0800018d   Thumb Code     0  entry5.o(.ARM.Collect$$$$00000004)
    __main_after_scatterload                 0x08000191   Thumb Code     0  entry5.o(.ARM.Collect$$$$00000004)
    _main_clock                              0x08000191   Thumb Code     0  entry7b.o(.ARM.Collect$$$$00000008)
    _main_cpp_init                           0x08000191   Thumb Code     0  entry8b.o(.ARM.Collect$$$$0000000A)
    _main_init                               0x08000191   Thumb Code     0  entry9a.o(.ARM.Collect$$$$0000000B)
    __rt_final_cpp                           0x08000199   Thumb Code     0  entry10a.o(.ARM.Collect$$$$0000000D)
    __rt_final_exit                          0x08000199   Thumb Code     0  entry11a.o(.ARM.Collect$$$$0000000F)
    WFI_SET                                  0x0800019d   Thumb Code     2  sys.o(.emb_text)
    INTX_DISABLE                             0x0800019f   Thumb Code     4  sys.o(.emb_text)
    INTX_ENABLE                              0x080001a3   Thumb Code     4  sys.o(.emb_text)
    MSR_MSP                                  0x080001a7   Thumb Code     6  sys.o(.emb_text)
    Beep_Init                                0x080001ad   Thumb Code    52  beep.o(.text)
    Beep_Show                                0x080001e1   Thumb Code    44  beep.o(.text)
    Sound                                    0x0800020d   Thumb Code    56  beep.o(.text)
    play_Music_1                             0x08000245   Thumb Code    98  beep.o(.text)
    CAN1_Configuration                       0x080002f5   Thumb Code   370  can1.o(.text)
    CAN1_RX0_IRQHandler                      0x08000467   Thumb Code    44  can1.o(.text)
    Delay_ms                                 0x0800049d   Thumb Code    28  delay.o(.text)
    Delay_us                                 0x080004b9   Thumb Code    26  delay.o(.text)
    Delay                                    0x080004d3   Thumb Code    14  delay.o(.text)
    CAN2_Mode_Init                           0x080004e1   Thumb Code   366  can2.o(.text)
    currentInput                             0x0800064f   Thumb Code   278  can2.o(.text)
    CAN2_RX0_IRQHandler                      0x08000765   Thumb Code   308  can2.o(.text)
    CAN2_Send_Msg                            0x08000899   Thumb Code   132  can2.o(.text)
    valveCtrl                                0x0800091d   Thumb Code    78  can2.o(.text)
    Led8_Configuration                       0x08000971   Thumb Code    64  led8.o(.text)
    Led8DisData                              0x080009b1   Thumb Code    78  led8.o(.text)
    LED_Configuration                        0x08000a09   Thumb Code    66  led.o(.text)
    Led_Show                                 0x08000a4b   Thumb Code   116  led.o(.text)
    main                                     0x08000bb1   Thumb Code    84  main.o(.text)
    creatError                               0x08000c39   Thumb Code    18  param.o(.text)
    Flag_Init                                0x08000c4b   Thumb Code     8  param.o(.text)
    param_Init                               0x08000c53   Thumb Code    80  param.o(.text)
    ChangeData                               0x08000ca3   Thumb Code    12  param.o(.text)
    deleteError                              0x08000caf   Thumb Code    44  param.o(.text)
    ErrorFind                                0x08000cdb   Thumb Code    28  param.o(.text)
    insertError                              0x08000cf7   Thumb Code    80  param.o(.text)
    NMI_Handler                              0x08000d55   Thumb Code     2  stm32f4xx_it.o(.text)
    HardFault_Handler                        0x08000d57   Thumb Code    18  stm32f4xx_it.o(.text)
    MemManage_Handler                        0x08000d69   Thumb Code     4  stm32f4xx_it.o(.text)
    BusFault_Handler                         0x08000d6d   Thumb Code     4  stm32f4xx_it.o(.text)
    UsageFault_Handler                       0x08000d71   Thumb Code     4  stm32f4xx_it.o(.text)
    SVC_Handler                              0x08000d75   Thumb Code     2  stm32f4xx_it.o(.text)
    DebugMon_Handler                         0x08000d77   Thumb Code     2  stm32f4xx_it.o(.text)
    TIM3_Init                                0x08000d79   Thumb Code    90  tim3.o(.text)
    TIM3_IRQHandler                          0x08000dd3   Thumb Code   138  tim3.o(.text)
    USART1_Configuration                     0x08000e65   Thumb Code   174  usart1.o(.text)
    USART1_Send                              0x08000f13   Thumb Code    46  usart1.o(.text)
    DMA2_Stream7_IRQHandler                  0x08000f41   Thumb Code    38  usart1.o(.text)
    PID_Init                                 0x08000f85   Thumb Code    32  pid.o(.text)
    PID_Operation                            0x08000fa5   Thumb Code    96  pid.o(.text)
    peakcurrent                              0x08001005   Thumb Code   162  pid.o(.text)
    Motor_Init                               0x080010ad   Thumb Code  1644  motor.o(.text)
    setZero                                  0x08001719   Thumb Code    14  motor.o(.text)
    speed_mode                               0x08001727   Thumb Code   182  motor.o(.text)
    position_mode                            0x080017dd   Thumb Code   738  motor.o(.text)
    zero_mode                                0x08001abf   Thumb Code   354  motor.o(.text)
    pulse_caculate                           0x08001c21   Thumb Code   716  motor.o(.text)
    Set_Gimbal_Current                       0x08001eed   Thumb Code    86  motor.o(.text)
    MYDMA_Config                             0x08001f51   Thumb Code   284  dma.o(.text)
    MYDMA_Enable                             0x0800206d   Thumb Code    32  dma.o(.text)
    MY_NVIC_SetVectorTable                   0x08002099   Thumb Code    12  sys.o(.text)
    MY_NVIC_PriorityGroupConfig              0x080020a5   Thumb Code    36  sys.o(.text)
    MY_NVIC_Init                             0x080020c9   Thumb Code   116  sys.o(.text)
    Ex_NVIC_Config                           0x0800213d   Thumb Code   168  sys.o(.text)
    GPIO_AF_Set                              0x080021e5   Thumb Code    64  sys.o(.text)
    GPIO_Set                                 0x08002225   Thumb Code   222  sys.o(.text)
    Sys_Standby                              0x08002303   Thumb Code    72  sys.o(.text)
    Sys_Soft_Reset                           0x0800234b   Thumb Code    12  sys.o(.text)
    Sys_Clock_Set                            0x08002357   Thumb Code   266  sys.o(.text)
    Stm32_Clock_Init                         0x08002461   Thumb Code   138  sys.o(.text)
    NVIC_PriorityGroupConfig                 0x080024f1   Thumb Code    10  misc.o(.text)
    NVIC_Init                                0x080024fb   Thumb Code   106  misc.o(.text)
    NVIC_SetVectorTable                      0x08002565   Thumb Code    14  misc.o(.text)
    NVIC_SystemLPConfig                      0x08002573   Thumb Code    34  misc.o(.text)
    SysTick_CLKSourceConfig                  0x08002595   Thumb Code    40  misc.o(.text)
    CAN_DeInit                               0x080025d1   Thumb Code    50  stm32f4xx_can.o(.text)
    CAN_Init                                 0x08002603   Thumb Code   276  stm32f4xx_can.o(.text)
    CAN_FilterInit                           0x08002717   Thumb Code   258  stm32f4xx_can.o(.text)
    CAN_StructInit                           0x08002819   Thumb Code    32  stm32f4xx_can.o(.text)
    CAN_SlaveStartBank                       0x08002839   Thumb Code    48  stm32f4xx_can.o(.text)
    CAN_DBGFreeze                            0x08002869   Thumb Code    22  stm32f4xx_can.o(.text)
    CAN_TTComModeCmd                         0x0800287f   Thumb Code   118  stm32f4xx_can.o(.text)
    CAN_Transmit                             0x080028f5   Thumb Code   304  stm32f4xx_can.o(.text)
    CAN_TransmitStatus                       0x08002a25   Thumb Code   138  stm32f4xx_can.o(.text)
    CAN_CancelTransmit                       0x08002aaf   Thumb Code    48  stm32f4xx_can.o(.text)
    CAN_Receive                              0x08002adf   Thumb Code   240  stm32f4xx_can.o(.text)
    CAN_FIFORelease                          0x08002bcf   Thumb Code    22  stm32f4xx_can.o(.text)
    CAN_MessagePending                       0x08002be5   Thumb Code    30  stm32f4xx_can.o(.text)
    CAN_OperatingModeRequest                 0x08002c03   Thumb Code   162  stm32f4xx_can.o(.text)
    CAN_Sleep                                0x08002ca5   Thumb Code    30  stm32f4xx_can.o(.text)
    CAN_WakeUp                               0x08002cc3   Thumb Code    48  stm32f4xx_can.o(.text)
    CAN_GetLastErrorCode                     0x08002cf3   Thumb Code    12  stm32f4xx_can.o(.text)
    CAN_GetReceiveErrorCounter               0x08002cff   Thumb Code    10  stm32f4xx_can.o(.text)
    CAN_GetLSBTransmitErrorCounter           0x08002d09   Thumb Code    12  stm32f4xx_can.o(.text)
    CAN_ITConfig                             0x08002d15   Thumb Code    18  stm32f4xx_can.o(.text)
    CAN_GetFlagStatus                        0x08002d27   Thumb Code   120  stm32f4xx_can.o(.text)
    CAN_ClearFlag                            0x08002d9f   Thumb Code    52  stm32f4xx_can.o(.text)
    CAN_GetITStatus                          0x08002de5   Thumb Code   310  stm32f4xx_can.o(.text)
    CAN_ClearITPendingBit                    0x08002f1b   Thumb Code   162  stm32f4xx_can.o(.text)
    DMA_DeInit                               0x08002fc1   Thumb Code   324  stm32f4xx_dma.o(.text)
    DMA_Init                                 0x08003105   Thumb Code    82  stm32f4xx_dma.o(.text)
    DMA_StructInit                           0x08003157   Thumb Code    34  stm32f4xx_dma.o(.text)
    DMA_Cmd                                  0x08003179   Thumb Code    22  stm32f4xx_dma.o(.text)
    DMA_PeriphIncOffsetSizeConfig            0x0800318f   Thumb Code    22  stm32f4xx_dma.o(.text)
    DMA_FlowControllerConfig                 0x080031a5   Thumb Code    22  stm32f4xx_dma.o(.text)
    DMA_SetCurrDataCounter                   0x080031bb   Thumb Code     4  stm32f4xx_dma.o(.text)
    DMA_GetCurrDataCounter                   0x080031bf   Thumb Code     8  stm32f4xx_dma.o(.text)
    DMA_DoubleBufferModeConfig               0x080031c7   Thumb Code    24  stm32f4xx_dma.o(.text)
    DMA_DoubleBufferModeCmd                  0x080031df   Thumb Code    22  stm32f4xx_dma.o(.text)
    DMA_MemoryTargetConfig                   0x080031f5   Thumb Code    10  stm32f4xx_dma.o(.text)
    DMA_GetCurrentMemoryTarget               0x080031ff   Thumb Code    20  stm32f4xx_dma.o(.text)
    DMA_GetCmdStatus                         0x08003213   Thumb Code    20  stm32f4xx_dma.o(.text)
    DMA_GetFIFOStatus                        0x08003227   Thumb Code    12  stm32f4xx_dma.o(.text)
    DMA_GetFlagStatus                        0x08003233   Thumb Code    56  stm32f4xx_dma.o(.text)
    DMA_ClearFlag                            0x0800326b   Thumb Code    40  stm32f4xx_dma.o(.text)
    DMA_ITConfig                             0x08003293   Thumb Code    58  stm32f4xx_dma.o(.text)
    DMA_GetITStatus                          0x080032cd   Thumb Code    84  stm32f4xx_dma.o(.text)
    DMA_ClearITPendingBit                    0x08003321   Thumb Code    40  stm32f4xx_dma.o(.text)
    GPIO_DeInit                              0x08003369   Thumb Code   220  stm32f4xx_gpio.o(.text)
    GPIO_Init                                0x08003445   Thumb Code   144  stm32f4xx_gpio.o(.text)
    GPIO_StructInit                          0x080034d5   Thumb Code    18  stm32f4xx_gpio.o(.text)
    GPIO_PinLockConfig                       0x080034e7   Thumb Code    34  stm32f4xx_gpio.o(.text)
    GPIO_ReadInputDataBit                    0x08003509   Thumb Code    18  stm32f4xx_gpio.o(.text)
    GPIO_ReadInputData                       0x0800351b   Thumb Code     8  stm32f4xx_gpio.o(.text)
    GPIO_ReadOutputDataBit                   0x08003523   Thumb Code    18  stm32f4xx_gpio.o(.text)
    GPIO_ReadOutputData                      0x08003535   Thumb Code     8  stm32f4xx_gpio.o(.text)
    GPIO_SetBits                             0x0800353d   Thumb Code     4  stm32f4xx_gpio.o(.text)
    GPIO_ResetBits                           0x08003541   Thumb Code     4  stm32f4xx_gpio.o(.text)
    GPIO_WriteBit                            0x08003545   Thumb Code    10  stm32f4xx_gpio.o(.text)
    GPIO_Write                               0x0800354f   Thumb Code     4  stm32f4xx_gpio.o(.text)
    GPIO_ToggleBits                          0x08003553   Thumb Code     8  stm32f4xx_gpio.o(.text)
    GPIO_PinAFConfig                         0x0800355b   Thumb Code    70  stm32f4xx_gpio.o(.text)
    RCC_DeInit                               0x080035c5   Thumb Code    60  stm32f4xx_rcc.o(.text)
    RCC_HSEConfig                            0x08003601   Thumb Code    14  stm32f4xx_rcc.o(.text)
    RCC_GetFlagStatus                        0x0800360f   Thumb Code    60  stm32f4xx_rcc.o(.text)
    RCC_WaitForHSEStartUp                    0x0800364b   Thumb Code    56  stm32f4xx_rcc.o(.text)
    RCC_AdjustHSICalibrationValue            0x08003683   Thumb Code    20  stm32f4xx_rcc.o(.text)
    RCC_HSICmd                               0x08003697   Thumb Code     6  stm32f4xx_rcc.o(.text)
    RCC_LSEConfig                            0x0800369d   Thumb Code    46  stm32f4xx_rcc.o(.text)
    RCC_LSICmd                               0x080036cb   Thumb Code     6  stm32f4xx_rcc.o(.text)
    RCC_PLLConfig                            0x080036d1   Thumb Code    32  stm32f4xx_rcc.o(.text)
    RCC_PLLCmd                               0x080036f1   Thumb Code     6  stm32f4xx_rcc.o(.text)
    RCC_PLLI2SConfig                         0x080036f7   Thumb Code    14  stm32f4xx_rcc.o(.text)
    RCC_PLLI2SCmd                            0x08003705   Thumb Code     6  stm32f4xx_rcc.o(.text)
    RCC_ClockSecuritySystemCmd               0x0800370b   Thumb Code     6  stm32f4xx_rcc.o(.text)
    RCC_MCO1Config                           0x08003711   Thumb Code    28  stm32f4xx_rcc.o(.text)
    RCC_MCO2Config                           0x0800372d   Thumb Code    28  stm32f4xx_rcc.o(.text)
    RCC_SYSCLKConfig                         0x08003749   Thumb Code    20  stm32f4xx_rcc.o(.text)
    RCC_GetSYSCLKSource                      0x0800375d   Thumb Code    12  stm32f4xx_rcc.o(.text)
    RCC_HCLKConfig                           0x08003769   Thumb Code    20  stm32f4xx_rcc.o(.text)
    RCC_PCLK1Config                          0x0800377d   Thumb Code    20  stm32f4xx_rcc.o(.text)
    RCC_PCLK2Config                          0x08003791   Thumb Code    22  stm32f4xx_rcc.o(.text)
    RCC_GetClocksFreq                        0x080037a7   Thumb Code   222  stm32f4xx_rcc.o(.text)
    RCC_RTCCLKConfig                         0x08003885   Thumb Code    54  stm32f4xx_rcc.o(.text)
    RCC_RTCCLKCmd                            0x080038bb   Thumb Code     8  stm32f4xx_rcc.o(.text)
    RCC_BackupResetCmd                       0x080038c3   Thumb Code     8  stm32f4xx_rcc.o(.text)
    RCC_I2SCLKConfig                         0x080038cb   Thumb Code     6  stm32f4xx_rcc.o(.text)
    RCC_AHB1PeriphClockCmd                   0x080038d1   Thumb Code    34  stm32f4xx_rcc.o(.text)
    RCC_AHB2PeriphClockCmd                   0x080038f3   Thumb Code    34  stm32f4xx_rcc.o(.text)
    RCC_AHB3PeriphClockCmd                   0x08003915   Thumb Code    34  stm32f4xx_rcc.o(.text)
    RCC_APB1PeriphClockCmd                   0x08003937   Thumb Code    34  stm32f4xx_rcc.o(.text)
    RCC_APB2PeriphClockCmd                   0x08003959   Thumb Code    34  stm32f4xx_rcc.o(.text)
    RCC_AHB1PeriphResetCmd                   0x0800397b   Thumb Code    34  stm32f4xx_rcc.o(.text)
    RCC_AHB2PeriphResetCmd                   0x0800399d   Thumb Code    72  stm32f4xx_rcc.o(.text)
    RCC_AHB3PeriphResetCmd                   0x080039e5   Thumb Code    34  stm32f4xx_rcc.o(.text)
    RCC_APB1PeriphResetCmd                   0x08003a07   Thumb Code    34  stm32f4xx_rcc.o(.text)
    RCC_APB2PeriphResetCmd                   0x08003a29   Thumb Code    34  stm32f4xx_rcc.o(.text)
    RCC_AHB1PeriphClockLPModeCmd             0x08003a4b   Thumb Code    34  stm32f4xx_rcc.o(.text)
    RCC_AHB2PeriphClockLPModeCmd             0x08003a6d   Thumb Code    34  stm32f4xx_rcc.o(.text)
    RCC_AHB3PeriphClockLPModeCmd             0x08003a8f   Thumb Code    34  stm32f4xx_rcc.o(.text)
    RCC_APB1PeriphClockLPModeCmd             0x08003ab1   Thumb Code    34  stm32f4xx_rcc.o(.text)
    RCC_APB2PeriphClockLPModeCmd             0x08003ad3   Thumb Code    34  stm32f4xx_rcc.o(.text)
    RCC_ITConfig                             0x08003af5   Thumb Code    34  stm32f4xx_rcc.o(.text)
    RCC_ClearFlag                            0x08003b17   Thumb Code    18  stm32f4xx_rcc.o(.text)
    RCC_GetITStatus                          0x08003b29   Thumb Code    22  stm32f4xx_rcc.o(.text)
    RCC_ClearITPendingBit                    0x08003b3f   Thumb Code     8  stm32f4xx_rcc.o(.text)
    TIM_DeInit                               0x08003b4d   Thumb Code   346  stm32f4xx_tim.o(.text)
    TIM_TimeBaseInit                         0x08003ca7   Thumb Code   104  stm32f4xx_tim.o(.text)
    TIM_TimeBaseStructInit                   0x08003d0f   Thumb Code    18  stm32f4xx_tim.o(.text)
    TIM_PrescalerConfig                      0x08003d21   Thumb Code     6  stm32f4xx_tim.o(.text)
    TIM_CounterModeConfig                    0x08003d27   Thumb Code    18  stm32f4xx_tim.o(.text)
    TIM_SetCounter                           0x08003d39   Thumb Code     4  stm32f4xx_tim.o(.text)
    TIM_SetAutoreload                        0x08003d3d   Thumb Code     4  stm32f4xx_tim.o(.text)
    TIM_GetCounter                           0x08003d41   Thumb Code     6  stm32f4xx_tim.o(.text)
    TIM_GetPrescaler                         0x08003d47   Thumb Code     6  stm32f4xx_tim.o(.text)
    TIM_UpdateDisableConfig                  0x08003d4d   Thumb Code    24  stm32f4xx_tim.o(.text)
    TIM_UpdateRequestConfig                  0x08003d65   Thumb Code    24  stm32f4xx_tim.o(.text)
    TIM_ARRPreloadConfig                     0x08003d7d   Thumb Code    24  stm32f4xx_tim.o(.text)
    TIM_SelectOnePulseMode                   0x08003d95   Thumb Code    18  stm32f4xx_tim.o(.text)
    TIM_SetClockDivision                     0x08003da7   Thumb Code    18  stm32f4xx_tim.o(.text)
    TIM_Cmd                                  0x08003db9   Thumb Code    24  stm32f4xx_tim.o(.text)
    TIM_OC1Init                              0x08003dd1   Thumb Code   114  stm32f4xx_tim.o(.text)
    TIM_OC2Init                              0x08003e43   Thumb Code   154  stm32f4xx_tim.o(.text)
    TIM_OC3Init                              0x08003edd   Thumb Code   204  stm32f4xx_tim.o(.text)
    TIM_OC4Init                              0x08003fa9   Thumb Code   112  stm32f4xx_tim.o(.text)
    TIM_OCStructInit                         0x08004019   Thumb Code    20  stm32f4xx_tim.o(.text)
    TIM_SelectOCxM                           0x0800402d   Thumb Code    86  stm32f4xx_tim.o(.text)
    TIM_SetCompare1                          0x08004083   Thumb Code     4  stm32f4xx_tim.o(.text)
    TIM_SetCompare2                          0x08004087   Thumb Code     4  stm32f4xx_tim.o(.text)
    TIM_SetCompare3                          0x0800408b   Thumb Code     4  stm32f4xx_tim.o(.text)
    TIM_SetCompare4                          0x0800408f   Thumb Code     4  stm32f4xx_tim.o(.text)
    TIM_ForcedOC1Config                      0x08004093   Thumb Code    18  stm32f4xx_tim.o(.text)
    TIM_ForcedOC2Config                      0x080040a5   Thumb Code    26  stm32f4xx_tim.o(.text)
    TIM_ForcedOC3Config                      0x080040bf   Thumb Code    18  stm32f4xx_tim.o(.text)
    TIM_ForcedOC4Config                      0x080040d1   Thumb Code    26  stm32f4xx_tim.o(.text)
    TIM_OC1PreloadConfig                     0x080040eb   Thumb Code    18  stm32f4xx_tim.o(.text)
    TIM_OC2PreloadConfig                     0x080040fd   Thumb Code    26  stm32f4xx_tim.o(.text)
    TIM_OC3PreloadConfig                     0x08004117   Thumb Code    18  stm32f4xx_tim.o(.text)
    TIM_OC4PreloadConfig                     0x08004129   Thumb Code    26  stm32f4xx_tim.o(.text)
    TIM_OC1FastConfig                        0x08004143   Thumb Code    18  stm32f4xx_tim.o(.text)
    TIM_OC2FastConfig                        0x08004155   Thumb Code    26  stm32f4xx_tim.o(.text)
    TIM_OC3FastConfig                        0x0800416f   Thumb Code    18  stm32f4xx_tim.o(.text)
    TIM_OC4FastConfig                        0x08004181   Thumb Code    26  stm32f4xx_tim.o(.text)
    TIM_ClearOC1Ref                          0x0800419b   Thumb Code    18  stm32f4xx_tim.o(.text)
    TIM_ClearOC2Ref                          0x080041ad   Thumb Code    24  stm32f4xx_tim.o(.text)
    TIM_ClearOC3Ref                          0x080041c5   Thumb Code    18  stm32f4xx_tim.o(.text)
    TIM_ClearOC4Ref                          0x080041d7   Thumb Code    24  stm32f4xx_tim.o(.text)
    TIM_OC1PolarityConfig                    0x080041ef   Thumb Code    18  stm32f4xx_tim.o(.text)
    TIM_OC1NPolarityConfig                   0x08004201   Thumb Code    18  stm32f4xx_tim.o(.text)
    TIM_OC2PolarityConfig                    0x08004213   Thumb Code    26  stm32f4xx_tim.o(.text)
    TIM_OC2NPolarityConfig                   0x0800422d   Thumb Code    26  stm32f4xx_tim.o(.text)
    TIM_OC3PolarityConfig                    0x08004247   Thumb Code    26  stm32f4xx_tim.o(.text)
    TIM_OC3NPolarityConfig                   0x08004261   Thumb Code    26  stm32f4xx_tim.o(.text)
    TIM_OC4PolarityConfig                    0x0800427b   Thumb Code    26  stm32f4xx_tim.o(.text)
    TIM_CCxCmd                               0x08004295   Thumb Code    30  stm32f4xx_tim.o(.text)
    TIM_CCxNCmd                              0x080042b3   Thumb Code    30  stm32f4xx_tim.o(.text)
    TIM_SetIC4Prescaler                      0x080042d1   Thumb Code    26  stm32f4xx_tim.o(.text)
    TIM_SetIC3Prescaler                      0x0800433b   Thumb Code    18  stm32f4xx_tim.o(.text)
    TIM_SetIC2Prescaler                      0x08004395   Thumb Code    26  stm32f4xx_tim.o(.text)
    TIM_SetIC1Prescaler                      0x08004409   Thumb Code    18  stm32f4xx_tim.o(.text)
    TIM_ICInit                               0x08004455   Thumb Code   110  stm32f4xx_tim.o(.text)
    TIM_ICStructInit                         0x080044c3   Thumb Code    18  stm32f4xx_tim.o(.text)
    TIM_PWMIConfig                           0x080044d5   Thumb Code   124  stm32f4xx_tim.o(.text)
    TIM_GetCapture1                          0x08004551   Thumb Code     6  stm32f4xx_tim.o(.text)
    TIM_GetCapture2                          0x08004557   Thumb Code     6  stm32f4xx_tim.o(.text)
    TIM_GetCapture3                          0x0800455d   Thumb Code     6  stm32f4xx_tim.o(.text)
    TIM_GetCapture4                          0x08004563   Thumb Code     6  stm32f4xx_tim.o(.text)
    TIM_BDTRConfig                           0x08004569   Thumb Code    32  stm32f4xx_tim.o(.text)
    TIM_BDTRStructInit                       0x08004589   Thumb Code    18  stm32f4xx_tim.o(.text)
    TIM_CtrlPWMOutputs                       0x0800459b   Thumb Code    30  stm32f4xx_tim.o(.text)
    TIM_SelectCOM                            0x080045b9   Thumb Code    24  stm32f4xx_tim.o(.text)
    TIM_CCPreloadControl                     0x080045d1   Thumb Code    24  stm32f4xx_tim.o(.text)
    TIM_ITConfig                             0x080045e9   Thumb Code    18  stm32f4xx_tim.o(.text)
    TIM_GenerateEvent                        0x080045fb   Thumb Code     4  stm32f4xx_tim.o(.text)
    TIM_GetFlagStatus                        0x080045ff   Thumb Code    18  stm32f4xx_tim.o(.text)
    TIM_ClearFlag                            0x08004611   Thumb Code     6  stm32f4xx_tim.o(.text)
    TIM_GetITStatus                          0x08004617   Thumb Code    34  stm32f4xx_tim.o(.text)
    TIM_ClearITPendingBit                    0x08004639   Thumb Code     6  stm32f4xx_tim.o(.text)
    TIM_DMAConfig                            0x0800463f   Thumb Code    10  stm32f4xx_tim.o(.text)
    TIM_DMACmd                               0x08004649   Thumb Code    18  stm32f4xx_tim.o(.text)
    TIM_SelectCCDMA                          0x0800465b   Thumb Code    24  stm32f4xx_tim.o(.text)
    TIM_InternalClockConfig                  0x08004673   Thumb Code    12  stm32f4xx_tim.o(.text)
    TIM_SelectInputTrigger                   0x0800467f   Thumb Code    18  stm32f4xx_tim.o(.text)
    TIM_ITRxExternalClockConfig              0x08004691   Thumb Code    24  stm32f4xx_tim.o(.text)
    TIM_TIxExternalClockConfig               0x080046a9   Thumb Code    62  stm32f4xx_tim.o(.text)
    TIM_ETRConfig                            0x080046e7   Thumb Code    28  stm32f4xx_tim.o(.text)
    TIM_ETRClockMode1Config                  0x08004703   Thumb Code    54  stm32f4xx_tim.o(.text)
    TIM_ETRClockMode2Config                  0x08004739   Thumb Code    32  stm32f4xx_tim.o(.text)
    TIM_SelectOutputTrigger                  0x08004759   Thumb Code    18  stm32f4xx_tim.o(.text)
    TIM_SelectSlaveMode                      0x0800476b   Thumb Code    18  stm32f4xx_tim.o(.text)
    TIM_SelectMasterSlaveMode                0x0800477d   Thumb Code    18  stm32f4xx_tim.o(.text)
    TIM_EncoderInterfaceConfig               0x0800478f   Thumb Code    66  stm32f4xx_tim.o(.text)
    TIM_SelectHallSensor                     0x080047d1   Thumb Code    24  stm32f4xx_tim.o(.text)
    TIM_RemapConfig                          0x080047e9   Thumb Code     6  stm32f4xx_tim.o(.text)
    SystemInit                               0x080048cd   Thumb Code    88  system_stm32f4xx.o(.text)
    SystemCoreClockUpdate                    0x08004925   Thumb Code   174  system_stm32f4xx.o(.text)
    Reset_Handler                            0x08004a01   Thumb Code     8  startup_stm32f4xx.o(.text)
    ADC_IRQHandler                           0x08004a1b   Thumb Code     0  startup_stm32f4xx.o(.text)
    CAN1_RX1_IRQHandler                      0x08004a1b   Thumb Code     0  startup_stm32f4xx.o(.text)
    CAN1_SCE_IRQHandler                      0x08004a1b   Thumb Code     0  startup_stm32f4xx.o(.text)
    CAN1_TX_IRQHandler                       0x08004a1b   Thumb Code     0  startup_stm32f4xx.o(.text)
    CAN2_RX1_IRQHandler                      0x08004a1b   Thumb Code     0  startup_stm32f4xx.o(.text)
    CAN2_SCE_IRQHandler                      0x08004a1b   Thumb Code     0  startup_stm32f4xx.o(.text)
    CAN2_TX_IRQHandler                       0x08004a1b   Thumb Code     0  startup_stm32f4xx.o(.text)
    CRYP_IRQHandler                          0x08004a1b   Thumb Code     0  startup_stm32f4xx.o(.text)
    DCMI_IRQHandler                          0x08004a1b   Thumb Code     0  startup_stm32f4xx.o(.text)
    DMA1_Stream0_IRQHandler                  0x08004a1b   Thumb Code     0  startup_stm32f4xx.o(.text)
    DMA1_Stream1_IRQHandler                  0x08004a1b   Thumb Code     0  startup_stm32f4xx.o(.text)
    DMA1_Stream2_IRQHandler                  0x08004a1b   Thumb Code     0  startup_stm32f4xx.o(.text)
    DMA1_Stream3_IRQHandler                  0x08004a1b   Thumb Code     0  startup_stm32f4xx.o(.text)
    DMA1_Stream4_IRQHandler                  0x08004a1b   Thumb Code     0  startup_stm32f4xx.o(.text)
    DMA1_Stream5_IRQHandler                  0x08004a1b   Thumb Code     0  startup_stm32f4xx.o(.text)
    DMA1_Stream6_IRQHandler                  0x08004a1b   Thumb Code     0  startup_stm32f4xx.o(.text)
    DMA1_Stream7_IRQHandler                  0x08004a1b   Thumb Code     0  startup_stm32f4xx.o(.text)
    DMA2_Stream0_IRQHandler                  0x08004a1b   Thumb Code     0  startup_stm32f4xx.o(.text)
    DMA2_Stream1_IRQHandler                  0x08004a1b   Thumb Code     0  startup_stm32f4xx.o(.text)
    DMA2_Stream2_IRQHandler                  0x08004a1b   Thumb Code     0  startup_stm32f4xx.o(.text)
    DMA2_Stream3_IRQHandler                  0x08004a1b   Thumb Code     0  startup_stm32f4xx.o(.text)
    DMA2_Stream4_IRQHandler                  0x08004a1b   Thumb Code     0  startup_stm32f4xx.o(.text)
    DMA2_Stream5_IRQHandler                  0x08004a1b   Thumb Code     0  startup_stm32f4xx.o(.text)
    DMA2_Stream6_IRQHandler                  0x08004a1b   Thumb Code     0  startup_stm32f4xx.o(.text)
    ETH_IRQHandler                           0x08004a1b   Thumb Code     0  startup_stm32f4xx.o(.text)
    ETH_WKUP_IRQHandler                      0x08004a1b   Thumb Code     0  startup_stm32f4xx.o(.text)
    EXTI0_IRQHandler                         0x08004a1b   Thumb Code     0  startup_stm32f4xx.o(.text)
    EXTI15_10_IRQHandler                     0x08004a1b   Thumb Code     0  startup_stm32f4xx.o(.text)
    EXTI1_IRQHandler                         0x08004a1b   Thumb Code     0  startup_stm32f4xx.o(.text)
    EXTI2_IRQHandler                         0x08004a1b   Thumb Code     0  startup_stm32f4xx.o(.text)
    EXTI3_IRQHandler                         0x08004a1b   Thumb Code     0  startup_stm32f4xx.o(.text)
    EXTI4_IRQHandler                         0x08004a1b   Thumb Code     0  startup_stm32f4xx.o(.text)
    EXTI9_5_IRQHandler                       0x08004a1b   Thumb Code     0  startup_stm32f4xx.o(.text)
    FLASH_IRQHandler                         0x08004a1b   Thumb Code     0  startup_stm32f4xx.o(.text)
    FPU_IRQHandler                           0x08004a1b   Thumb Code     0  startup_stm32f4xx.o(.text)
    FSMC_IRQHandler                          0x08004a1b   Thumb Code     0  startup_stm32f4xx.o(.text)
    HASH_RNG_IRQHandler                      0x08004a1b   Thumb Code     0  startup_stm32f4xx.o(.text)
    I2C1_ER_IRQHandler                       0x08004a1b   Thumb Code     0  startup_stm32f4xx.o(.text)
    I2C1_EV_IRQHandler                       0x08004a1b   Thumb Code     0  startup_stm32f4xx.o(.text)
    I2C2_ER_IRQHandler                       0x08004a1b   Thumb Code     0  startup_stm32f4xx.o(.text)
    I2C2_EV_IRQHandler                       0x08004a1b   Thumb Code     0  startup_stm32f4xx.o(.text)
    I2C3_ER_IRQHandler                       0x08004a1b   Thumb Code     0  startup_stm32f4xx.o(.text)
    I2C3_EV_IRQHandler                       0x08004a1b   Thumb Code     0  startup_stm32f4xx.o(.text)
    OTG_FS_IRQHandler                        0x08004a1b   Thumb Code     0  startup_stm32f4xx.o(.text)
    OTG_FS_WKUP_IRQHandler                   0x08004a1b   Thumb Code     0  startup_stm32f4xx.o(.text)
    OTG_HS_EP1_IN_IRQHandler                 0x08004a1b   Thumb Code     0  startup_stm32f4xx.o(.text)
    OTG_HS_EP1_OUT_IRQHandler                0x08004a1b   Thumb Code     0  startup_stm32f4xx.o(.text)
    OTG_HS_IRQHandler                        0x08004a1b   Thumb Code     0  startup_stm32f4xx.o(.text)
    OTG_HS_WKUP_IRQHandler                   0x08004a1b   Thumb Code     0  startup_stm32f4xx.o(.text)
    PVD_IRQHandler                           0x08004a1b   Thumb Code     0  startup_stm32f4xx.o(.text)
    RCC_IRQHandler                           0x08004a1b   Thumb Code     0  startup_stm32f4xx.o(.text)
    RTC_Alarm_IRQHandler                     0x08004a1b   Thumb Code     0  startup_stm32f4xx.o(.text)
    RTC_WKUP_IRQHandler                      0x08004a1b   Thumb Code     0  startup_stm32f4xx.o(.text)
    SDIO_IRQHandler                          0x08004a1b   Thumb Code     0  startup_stm32f4xx.o(.text)
    SPI1_IRQHandler                          0x08004a1b   Thumb Code     0  startup_stm32f4xx.o(.text)
    SPI2_IRQHandler                          0x08004a1b   Thumb Code     0  startup_stm32f4xx.o(.text)
    SPI3_IRQHandler                          0x08004a1b   Thumb Code     0  startup_stm32f4xx.o(.text)
    TAMP_STAMP_IRQHandler                    0x08004a1b   Thumb Code     0  startup_stm32f4xx.o(.text)
    TIM1_BRK_TIM9_IRQHandler                 0x08004a1b   Thumb Code     0  startup_stm32f4xx.o(.text)
    TIM1_CC_IRQHandler                       0x08004a1b   Thumb Code     0  startup_stm32f4xx.o(.text)
    TIM1_TRG_COM_TIM11_IRQHandler            0x08004a1b   Thumb Code     0  startup_stm32f4xx.o(.text)
    TIM1_UP_TIM10_IRQHandler                 0x08004a1b   Thumb Code     0  startup_stm32f4xx.o(.text)
    TIM2_IRQHandler                          0x08004a1b   Thumb Code     0  startup_stm32f4xx.o(.text)
    TIM4_IRQHandler                          0x08004a1b   Thumb Code     0  startup_stm32f4xx.o(.text)
    TIM5_IRQHandler                          0x08004a1b   Thumb Code     0  startup_stm32f4xx.o(.text)
    TIM6_DAC_IRQHandler                      0x08004a1b   Thumb Code     0  startup_stm32f4xx.o(.text)
    TIM7_IRQHandler                          0x08004a1b   Thumb Code     0  startup_stm32f4xx.o(.text)
    TIM8_BRK_TIM12_IRQHandler                0x08004a1b   Thumb Code     0  startup_stm32f4xx.o(.text)
    TIM8_CC_IRQHandler                       0x08004a1b   Thumb Code     0  startup_stm32f4xx.o(.text)
    TIM8_TRG_COM_TIM14_IRQHandler            0x08004a1b   Thumb Code     0  startup_stm32f4xx.o(.text)
    TIM8_UP_TIM13_IRQHandler                 0x08004a1b   Thumb Code     0  startup_stm32f4xx.o(.text)
    UART4_IRQHandler                         0x08004a1b   Thumb Code     0  startup_stm32f4xx.o(.text)
    UART5_IRQHandler                         0x08004a1b   Thumb Code     0  startup_stm32f4xx.o(.text)
    USART1_IRQHandler                        0x08004a1b   Thumb Code     0  startup_stm32f4xx.o(.text)
    USART2_IRQHandler                        0x08004a1b   Thumb Code     0  startup_stm32f4xx.o(.text)
    USART3_IRQHandler                        0x08004a1b   Thumb Code     0  startup_stm32f4xx.o(.text)
    USART6_IRQHandler                        0x08004a1b   Thumb Code     0  startup_stm32f4xx.o(.text)
    WWDG_IRQHandler                          0x08004a1b   Thumb Code     0  startup_stm32f4xx.o(.text)
    OS_TaskStatStkChk                        0x08004a25   Thumb Code    54  os_core.o(.text)
    OS_TaskStat                              0x08004a5b   Thumb Code   144  os_core.o(.text)
    OS_TaskIdle                              0x08004b1f   Thumb Code    34  os_core.o(.text)
    OS_MemClr                                0x08004b75   Thumb Code    18  os_core.o(.text)
    OSInit                                   0x08004c95   Thumb Code    48  os_core.o(.text)
    OSIntEnter                               0x08004cc5   Thumb Code    28  os_core.o(.text)
    OSIntExit                                0x08004cfb   Thumb Code   112  os_core.o(.text)
    OSSchedLock                              0x08004d6b   Thumb Code    50  os_core.o(.text)
    OS_Sched                                 0x08004d9d   Thumb Code    88  os_core.o(.text)
    OSSchedUnlock                            0x08004df5   Thumb Code   238  os_core.o(.text)
    OSStart                                  0x08004ee3   Thumb Code    48  os_core.o(.text)
    OSStatInit                               0x08004f13   Thumb Code    64  os_core.o(.text)
    OSTimeTick                               0x08004f53   Thumb Code   210  os_core.o(.text)
    OSVersion                                0x08005025   Thumb Code     6  os_core.o(.text)
    OS_Dummy                                 0x0800502b   Thumb Code     2  os_core.o(.text)
    OS_EventTaskRemove                       0x0800502d   Thumb Code    42  os_core.o(.text)
    OS_EventTaskRdy                          0x08005057   Thumb Code   114  os_core.o(.text)
    OS_EventTaskWait                         0x080050c9   Thumb Code   112  os_core.o(.text)
    OS_EventWaitListInit                     0x08005139   Thumb Code    28  os_core.o(.text)
    OS_MemCopy                               0x08005155   Thumb Code    20  os_core.o(.text)
    OS_StrLen                                0x08005169   Thumb Code    20  os_core.o(.text)
    OS_TCBInit                               0x0800517d   Thumb Code   292  os_core.o(.text)
    OSFlagAccept                             0x080052e5   Thumb Code   252  os_flag.o(.text)
    OSFlagCreate                             0x080053e1   Thumb Code    86  os_flag.o(.text)
    OS_FlagUnlink                            0x08005437   Thumb Code    36  os_flag.o(.text)
    OSFlagDel                                0x080054ad   Thumb Code   214  os_flag.o(.text)
    OSFlagNameGet                            0x08005583   Thumb Code    80  os_flag.o(.text)
    OSFlagNameSet                            0x080055d3   Thumb Code    66  os_flag.o(.text)
    OSFlagPend                               0x080056ad   Thumb Code   614  os_flag.o(.text)
    OSFlagPendGetFlagsRdy                    0x08005913   Thumb Code    26  os_flag.o(.text)
    OSFlagPost                               0x0800592d   Thumb Code   312  os_flag.o(.text)
    OSFlagQuery                              0x08005a65   Thumb Code    48  os_flag.o(.text)
    OS_FlagInit                              0x08005a95   Thumb Code    78  os_flag.o(.text)
    OSMemCreate                              0x08005af1   Thumb Code   118  os_mem.o(.text)
    OSMemGet                                 0x08005b67   Thumb Code    62  os_mem.o(.text)
    OSMemNameGet                             0x08005ba5   Thumb Code    60  os_mem.o(.text)
    OSMemNameSet                             0x08005be1   Thumb Code    48  os_mem.o(.text)
    OSMemPut                                 0x08005c11   Thumb Code    54  os_mem.o(.text)
    OSMemQuery                               0x08005c47   Thumb Code    52  os_mem.o(.text)
    OS_MemInit                               0x08005c7b   Thumb Code    74  os_mem.o(.text)
    OSQAccept                                0x08005cd5   Thumb Code    88  os_q.o(.text)
    OSQCreate                                0x08005d2d   Thumb Code   140  os_q.o(.text)
    OSQDel                                   0x08005db9   Thumb Code   236  os_q.o(.text)
    OSQFlush                                 0x08005ea5   Thumb Code    36  os_q.o(.text)
    OSQPend                                  0x08005ec9   Thumb Code   272  os_q.o(.text)
    OSQPendAbort                             0x08005fd9   Thumb Code   128  os_q.o(.text)
    OSQPost                                  0x08006059   Thumb Code   114  os_q.o(.text)
    OSQPostFront                             0x080060cb   Thumb Code   136  os_q.o(.text)
    OSQPostOpt                               0x08006153   Thumb Code   182  os_q.o(.text)
    OSQQuery                                 0x08006209   Thumb Code    98  os_q.o(.text)
    OS_QInit                                 0x0800626b   Thumb Code    72  os_q.o(.text)
    OSTaskChangePrio                         0x080062bd   Thumb Code   308  os_task.o(.text)
    OSTaskCreate                             0x080063f1   Thumb Code   148  os_task.o(.text)
    OS_TaskStkClr                            0x08006485   Thumb Code    26  os_task.o(.text)
    OSTaskCreateExt                          0x0800649f   Thumb Code   170  os_task.o(.text)
    OSTaskDel                                0x08006549   Thumb Code   294  os_task.o(.text)
    OSTaskDelReq                             0x0800666f   Thumb Code   144  os_task.o(.text)
    OSTaskNameGet                            0x080066ff   Thumb Code   114  os_task.o(.text)
    OSTaskNameSet                            0x08006771   Thumb Code    98  os_task.o(.text)
    OSTaskResume                             0x080067d3   Thumb Code   154  os_task.o(.text)
    OSTaskStkChk                             0x0800686d   Thumb Code   128  os_task.o(.text)
    OSTaskSuspend                            0x080068ed   Thumb Code   152  os_task.o(.text)
    OSTaskQuery                              0x08006985   Thumb Code    82  os_task.o(.text)
    OSTaskRegGet                             0x080069d7   Thumb Code    60  os_task.o(.text)
    OSTaskRegSet                             0x08006a13   Thumb Code    62  os_task.o(.text)
    OS_TaskReturn                            0x08006a51   Thumb Code    18  os_task.o(.text)
    OSTimeDly                                0x08006a7d   Thumb Code   100  os_time.o(.text)
    OSTimeDlyHMSM                            0x08006ae1   Thumb Code    84  os_time.o(.text)
    OSTimeDlyResume                          0x08006b35   Thumb Code   168  os_time.o(.text)
    OSTimeGet                                0x08006bdd   Thumb Code    24  os_time.o(.text)
    OSTimeSet                                0x08006bf5   Thumb Code    24  os_time.o(.text)
    OS_CPU_SR_Save                           0x08006c29   Thumb Code     0  os_cpu_a.o(.text)
    OS_CPU_SR_Restore                        0x08006c31   Thumb Code     0  os_cpu_a.o(.text)
    OSStartHighRdy                           0x08006c37   Thumb Code     0  os_cpu_a.o(.text)
    OSCtxSw                                  0x08006c57   Thumb Code     0  os_cpu_a.o(.text)
    OSIntCtxSw                               0x08006c61   Thumb Code     0  os_cpu_a.o(.text)
    PendSV_Handler                           0x08006c6b   Thumb Code     0  os_cpu_a.o(.text)
    OSInitHookBegin                          0x08006cd9   Thumb Code     2  os_cpu_c.o(.text)
    OSTaskReturnHook                         0x08006cdb   Thumb Code     2  os_cpu_c.o(.text)
    OSInitHookEnd                            0x08006cdd   Thumb Code     2  os_cpu_c.o(.text)
    OSTaskCreateHook                         0x08006cdf   Thumb Code     2  os_cpu_c.o(.text)
    OSTaskDelHook                            0x08006ce1   Thumb Code     2  os_cpu_c.o(.text)
    OSTaskIdleHook                           0x08006ce3   Thumb Code     2  os_cpu_c.o(.text)
    OSTaskStatHook                           0x08006ce5   Thumb Code     2  os_cpu_c.o(.text)
    OSTaskStkInit                            0x08006ce7   Thumb Code   482  os_cpu_c.o(.text)
    OSTaskSwHook                             0x08006ec9   Thumb Code     2  os_cpu_c.o(.text)
    OSTCBInitHook                            0x08006ecb   Thumb Code     2  os_cpu_c.o(.text)
    OSTimeTickHook                           0x08006ecd   Thumb Code     2  os_cpu_c.o(.text)
    SysTick_Handler                          0x08006ecf   Thumb Code    44  os_cpu_c.o(.text)
    OS_CPU_SysTickInit                       0x08006efb   Thumb Code    86  os_cpu_c.o(.text)
    __aeabi_memcpy                           0x08006f61   Thumb Code    36  memcpya.o(.text)
    __aeabi_memcpy4                          0x08006f61   Thumb Code     0  memcpya.o(.text)
    __aeabi_memcpy8                          0x08006f61   Thumb Code     0  memcpya.o(.text)
    __scatterload                            0x08006f85   Thumb Code    28  init.o(.text)
    __scatterload_rt2                        0x08006f85   Thumb Code     0  init.o(.text)
    __scatterload_copy                       0x08006fa9   Thumb Code    14  handlers.o(i.__scatterload_copy)
    __scatterload_null                       0x08006fb7   Thumb Code     2  handlers.o(i.__scatterload_null)
    __scatterload_zeroinit                   0x08006fb9   Thumb Code    14  handlers.o(i.__scatterload_zeroinit)
    free                                     0x08006fc9   Thumb Code    76  malloc.o(i.free)
    malloc                                   0x08007019   Thumb Code    92  malloc.o(i.malloc)
    LED_table                                0x080070b0   Data          18  led8.o(.constdata)
    OSUnMapTbl                               0x080070c2   Data         256  os_core.o(.constdata)
    Region$$Table$$Base                      0x080071c4   Number         0  anon$$obj.o(Region$$Table)
    Region$$Table$$Limit                     0x080071e4   Number         0  anon$$obj.o(Region$$Table)
    kickBall                                 0x20000000   Data           1  param.o(.data)
    Eerror                                   0x20000004   Data           8  param.o(.data)
    DJflag                                   0x2000000c   Data           5  motor.o(.data)
    enable_or_dis                            0x20000011   Data           1  motor.o(.data)
    angle                                    0x20000014   Data           4  motor.o(.data)
    Speed                                    0x20000018   Data           4  motor.o(.data)
    ifbegin                                  0x2000001c   Data           1  motor.o(.data)
    Motor_error                              0x2000001d   Data          15  motor.o(.data)
    SystemCoreClock                          0x2000003c   Data           4  system_stm32f4xx.o(.data)
    AHBPrescTable                            0x20000040   Data          16  system_stm32f4xx.o(.data)
    OSCtxSwCtr                               0x20000050   Data           4  os_core.o(.data)
    OSEventFreeList                          0x20000054   Data           4  os_core.o(.data)
    OSFlagFreeList                           0x20000058   Data           4  os_core.o(.data)
    OSCPUUsage                               0x2000005c   Data           1  os_core.o(.data)
    OSIdleCtrMax                             0x20000060   Data           4  os_core.o(.data)
    OSIdleCtrRun                             0x20000064   Data           4  os_core.o(.data)
    OSStatRdy                                0x20000068   Data           1  os_core.o(.data)
    OSIntNesting                             0x20000069   Data           1  os_core.o(.data)
    OSLockNesting                            0x2000006a   Data           1  os_core.o(.data)
    OSPrioCur                                0x2000006b   Data           1  os_core.o(.data)
    OSPrioHighRdy                            0x2000006c   Data           1  os_core.o(.data)
    OSRdyGrp                                 0x2000006d   Data           1  os_core.o(.data)
    OSRdyTbl                                 0x2000006e   Data           8  os_core.o(.data)
    OSRunning                                0x20000076   Data           1  os_core.o(.data)
    OSTaskCtr                                0x20000077   Data           1  os_core.o(.data)
    OSIdleCtr                                0x20000078   Data           4  os_core.o(.data)
    OSTCBCur                                 0x2000007c   Data           4  os_core.o(.data)
    OSTCBFreeList                            0x20000080   Data           4  os_core.o(.data)
    OSTCBHighRdy                             0x20000084   Data           4  os_core.o(.data)
    OSTCBList                                0x20000088   Data           4  os_core.o(.data)
    OSTickStepState                          0x2000008c   Data           1  os_core.o(.data)
    OSMemFreeList                            0x20000090   Data           4  os_core.o(.data)
    OSQFreeList                              0x20000094   Data           4  os_core.o(.data)
    OSTime                                   0x20000098   Data           4  os_core.o(.data)
    tick_ms                                  0x2000009c   Data           4  os_cpu_c.o(.data)
    __microlib_freelist                      0x200000a0   Data           4  mvars.o(.data)
    __microlib_freelist_initialised          0x200000a4   Data           4  mvars.o(.data)
    last_update_time                         0x200000a8   Data          32  can2.o(.bss)
    now_update_time                          0x200000c8   Data          32  can2.o(.bss)
    err_update_time                          0x200000e8   Data          32  can2.o(.bss)
    START_TASK_STK                           0x20000120   Data        1024  main.o(.bss)
    LCD_TASK_STK                             0x20000520   Data        2048  main.o(.bss)
    LED8_TASK_STK                            0x20000d20   Data         512  main.o(.bss)
    MOTOR_TASK_STK                           0x20000f20   Data        1024  main.o(.bss)
    ELMO_TASK_STK                            0x20001320   Data        1024  main.o(.bss)
    EPOS_TASK_STK                            0x20001720   Data        1024  main.o(.bss)
    VESC_TASK_STK                            0x20001b20   Data        1024  main.o(.bss)
    SCOPE_TASK_STK                           0x20001f20   Data         512  main.o(.bss)
    DataSCOPE_TASK_STK                       0x20002120   Data         512  main.o(.bss)
    VESCSEND_TASK_STK                        0x20002320   Data         512  main.o(.bss)
    kick                                     0x20002520   Data          30  param.o(.bss)
    usart                                    0x2000253e   Data         640  param.o(.bss)
    flag                                     0x200027be   Data          13  param.o(.bss)
    M2006instrin                             0x200027cc   Data          12  motor.o(.bss)
    M3508instrin                             0x200027d8   Data          12  motor.o(.bss)
    M6025instrin                             0x200027e4   Data          12  motor.o(.bss)
    Motorlimit                               0x200027f0   Data          20  motor.o(.bss)
    Motorargum                               0x20002804   Data          32  motor.o(.bss)
    motor                                    0x20002824   Data        1728  motor.o(.bss)
    OSEventTbl                               0x20002ee4   Data         300  os_core.o(.bss)
    OSFlagTbl                                0x20003010   Data          80  os_core.o(.bss)
    OSTaskStatStk                            0x20003060   Data         512  os_core.o(.bss)
    OSTaskIdleStk                            0x20003260   Data         512  os_core.o(.bss)
    OSTCBPrioTbl                             0x20003460   Data         256  os_core.o(.bss)
    OSTCBTbl                                 0x20003560   Data        5208  os_core.o(.bss)
    OSMemTbl                                 0x200049b8   Data         120  os_core.o(.bss)
    OSQTbl                                   0x20004a30   Data          96  os_core.o(.bss)
    __heap_base                              0x20004a90   Data           0  startup_stm32f4xx.o(HEAP)
    __heap_limit                             0x20007290   Data           0  startup_stm32f4xx.o(HEAP)
    __initial_sp                             0x20007690   Data           0  startup_stm32f4xx.o(STACK)



==============================================================================

Memory Map of the image

  Image Entry point : 0x08000189

  Load Region LR_IROM1 (Base: 0x08000000, Size: 0x0000728c, Max: 0x00100000, ABSOLUTE)

    Execution Region ER_IROM1 (Exec base: 0x08000000, Load base: 0x08000000, Size: 0x000071e4, Max: 0x00100000, ABSOLUTE)

    Exec Addr    Load Addr    Size         Type   Attr      Idx    E Section Name        Object

    0x08000000   0x08000000   0x00000188   Data   RO          925    RESET               startup_stm32f4xx.o
    0x08000188   0x08000188   0x00000000   Code   RO         1102  * .ARM.Collect$$$$00000000  mc_w.l(entry.o)
    0x08000188   0x08000188   0x00000004   Code   RO         1137    .ARM.Collect$$$$00000001  mc_w.l(entry2.o)
    0x0800018c   0x0800018c   0x00000004   Code   RO         1140    .ARM.Collect$$$$00000004  mc_w.l(entry5.o)
    0x08000190   0x08000190   0x00000000   Code   RO         1142    .ARM.Collect$$$$00000008  mc_w.l(entry7b.o)
    0x08000190   0x08000190   0x00000000   Code   RO         1144    .ARM.Collect$$$$0000000A  mc_w.l(entry8b.o)
    0x08000190   0x08000190   0x00000008   Code   RO         1145    .ARM.Collect$$$$0000000B  mc_w.l(entry9a.o)
    0x08000198   0x08000198   0x00000000   Code   RO         1147    .ARM.Collect$$$$0000000D  mc_w.l(entry10a.o)
    0x08000198   0x08000198   0x00000000   Code   RO         1149    .ARM.Collect$$$$0000000F  mc_w.l(entry11a.o)
    0x08000198   0x08000198   0x00000004   Code   RO         1138    .ARM.Collect$$$$00002712  mc_w.l(entry2.o)
    0x0800019c   0x0800019c   0x00000010   Code   RO          661    .emb_text           sys.o
    0x080001ac   0x080001ac   0x00000148   Code   RO            4    .text               beep.o
    0x080002f4   0x080002f4   0x000001a8   Code   RO          141    .text               can1.o
    0x0800049c   0x0800049c   0x00000044   Code   RO          174    .text               delay.o
    0x080004e0   0x080004e0   0x00000490   Code   RO          218    .text               can2.o
    0x08000970   0x08000970   0x00000098   Code   RO          301    .text               led8.o
    0x08000a08   0x08000a08   0x000000bc   Code   RO          328    .text               led.o
    0x08000ac4   0x08000ac4   0x00000174   Code   RO          352    .text               main.o
    0x08000c38   0x08000c38   0x0000011c   Code   RO          410    .text               param.o
    0x08000d54   0x08000d54   0x00000024   Code   RO          441    .text               stm32f4xx_it.o
    0x08000d78   0x08000d78   0x000000ec   Code   RO          468    .text               tim3.o
    0x08000e64   0x08000e64   0x00000120   Code   RO          492    .text               usart1.o
    0x08000f84   0x08000f84   0x00000128   Code   RO          531    .text               pid.o
    0x080010ac   0x080010ac   0x00000ea4   Code   RO          555    .text               motor.o
    0x08001f50   0x08001f50   0x00000148   Code   RO          610    .text               dma.o
    0x08002098   0x08002098   0x00000458   Code   RO          662    .text               sys.o
    0x080024f0   0x080024f0   0x000000e0   Code   RO          689    .text               misc.o
    0x080025d0   0x080025d0   0x000009f0   Code   RO          713    .text               stm32f4xx_can.o
    0x08002fc0   0x08002fc0   0x000003a8   Code   RO          737    .text               stm32f4xx_dma.o
    0x08003368   0x08003368   0x0000025c   Code   RO          788    .text               stm32f4xx_gpio.o
    0x080035c4   0x080035c4   0x00000588   Code   RO          812    .text               stm32f4xx_rcc.o
    0x08003b4c   0x08003b4c   0x00000ca2   Code   RO          838    .text               stm32f4xx_tim.o
    0x080047ee   0x080047ee   0x00000002   PAD
    0x080047f0   0x080047f0   0x00000210   Code   RO          886    .text               system_stm32f4xx.o
    0x08004a00   0x08004a00   0x00000024   Code   RO          926    .text               startup_stm32f4xx.o
    0x08004a24   0x08004a24   0x000008c0   Code   RO          930    .text               os_core.o
    0x080052e4   0x080052e4   0x0000080c   Code   RO          950    .text               os_flag.o
    0x08005af0   0x08005af0   0x000001e4   Code   RO          974    .text               os_mem.o
    0x08005cd4   0x08005cd4   0x000005e8   Code   RO          998    .text               os_q.o
    0x080062bc   0x080062bc   0x000007c0   Code   RO         1022    .text               os_task.o
    0x08006a7c   0x08006a7c   0x000001ac   Code   RO         1034    .text               os_time.o
    0x08006c28   0x08006c28   0x000000b0   Code   RO         1052    .text               os_cpu_a.o
    0x08006cd8   0x08006cd8   0x00000288   Code   RO         1058    .text               os_cpu_c.o
    0x08006f60   0x08006f60   0x00000024   Code   RO         1105    .text               mc_w.l(memcpya.o)
    0x08006f84   0x08006f84   0x00000024   Code   RO         1153    .text               mc_w.l(init.o)
    0x08006fa8   0x08006fa8   0x0000000e   Code   RO         1157    i.__scatterload_copy  mc_w.l(handlers.o)
    0x08006fb6   0x08006fb6   0x00000002   Code   RO         1158    i.__scatterload_null  mc_w.l(handlers.o)
    0x08006fb8   0x08006fb8   0x0000000e   Code   RO         1159    i.__scatterload_zeroinit  mc_w.l(handlers.o)
    0x08006fc6   0x08006fc6   0x00000002   PAD
    0x08006fc8   0x08006fc8   0x00000050   Code   RO         1109    i.free              mc_w.l(malloc.o)
    0x08007018   0x08007018   0x0000006c   Code   RO         1110    i.malloc            mc_w.l(malloc.o)
    0x08007084   0x08007084   0x0000002c   Data   RO            5    .constdata          beep.o
    0x080070b0   0x080070b0   0x00000012   Data   RO          302    .constdata          led8.o
    0x080070c2   0x080070c2   0x00000100   Data   RO          932    .constdata          os_core.o
    0x080071c2   0x080071c2   0x00000002   PAD
    0x080071c4   0x080071c4   0x00000020   Data   RO         1155    Region$$Table       anon$$obj.o


    Execution Region RW_IRAM1 (Exec base: 0x20000000, Load base: 0x080071e4, Size: 0x00007690, Max: 0x00020000, ABSOLUTE)

    Exec Addr    Load Addr    Size         Type   Attr      Idx    E Section Name        Object

    0x20000000   0x080071e4   0x0000000c   Data   RW          412    .data               param.o
    0x2000000c   0x080071f0   0x00000020   Data   RW          557    .data               motor.o
    0x2000002c   0x08007210   0x00000010   Data   RW          813    .data               stm32f4xx_rcc.o
    0x2000003c   0x08007220   0x00000014   Data   RW          887    .data               system_stm32f4xx.o
    0x20000050   0x08007234   0x0000004c   Data   RW          933    .data               os_core.o
    0x2000009c   0x08007280   0x00000004   Data   RW         1059    .data               os_cpu_c.o
    0x200000a0   0x08007284   0x00000004   Data   RW         1151    .data               mc_w.l(mvars.o)
    0x200000a4   0x08007288   0x00000004   Data   RW         1152    .data               mc_w.l(mvars.o)
    0x200000a8        -       0x00000074   Zero   RW          219    .bss                can2.o
    0x2000011c   0x0800728c   0x00000004   PAD
    0x20000120        -       0x00002400   Zero   RW          353    .bss                main.o
    0x20002520        -       0x000002ab   Zero   RW          411    .bss                param.o
    0x200027cb   0x0800728c   0x00000001   PAD
    0x200027cc        -       0x00000718   Zero   RW          556    .bss                motor.o
    0x20002ee4        -       0x00001bac   Zero   RW          931    .bss                os_core.o
    0x20004a90        -       0x00002800   Zero   RW          924    HEAP                startup_stm32f4xx.o
    0x20007290        -       0x00000400   Zero   RW          923    STACK               startup_stm32f4xx.o


==============================================================================

Image component sizes


      Code (inc. data)   RO Data    RW Data    ZI Data      Debug   Object Name

       328         78         44          0          0     230665   beep.o
       424         10          0          0          0      20793   can1.o
      1168         34          0          0        116      39240   can2.o
        68          0          0          0          0     210114   delay.o
       328         12          0          0          0       1412   dma.o
       188          6          0          0          0        693   led.o
       152         10         18          0          0       1229   led8.o
       372         52          0          0       9216      35388   main.o
       224         20          0          0          0       1929   misc.o
      3748        110          0         32       1816       6216   motor.o
      2240        216        256         76       7084      15586   os_core.o
       176         32          0          0          0        296   os_cpu_a.o
       648         16          0          4          0      41913   os_cpu_c.o
      2060         42          0          0          0       7176   os_flag.o
       484         16          0          0          0       3256   os_mem.o
      1512         30          0          0          0       5741   os_q.o
      1984         70          0          0          0       7849   os_task.o
       428         28          0          0          0       1858   os_time.o
       284         14          0         12        683       4193   param.o
       296          6          0          0          0       1429   pid.o
        36          8        392          0      11264        824   startup_stm32f4xx.o
      2544         38          0          0          0       8260   stm32f4xx_can.o
       936         32          0          0          0       6509   stm32f4xx_dma.o
       604         36          0          0          0       4237   stm32f4xx_gpio.o
        36          0          0          0          0       1151   stm32f4xx_it.o
      1416         48          0         16          0      11163   stm32f4xx_rcc.o
      3234         60          0          0          0      23128   stm32f4xx_tim.o
      1128         46          0          0          0       4184   sys.o
       528         46          0         20          0       1819   system_stm32f4xx.o
       236          8          0          0          0        780   tim3.o
       288         30          0          0          0       1155   usart1.o

    ----------------------------------------------------------------------
     28100       1154        744        160      30184     700186   Object Totals
         0          0         32          0          0          0   (incl. Generated)
         2          0          2          0          5          0   (incl. Padding)

    ----------------------------------------------------------------------

      Code (inc. data)   RO Data    RW Data    ZI Data      Debug   Library Member Name

         0          0          0          0          0          0   entry.o
         0          0          0          0          0          0   entry10a.o
         0          0          0          0          0          0   entry11a.o
         8          4          0          0          0          0   entry2.o
         4          0          0          0          0          0   entry5.o
         0          0          0          0          0          0   entry7b.o
         0          0          0          0          0          0   entry8b.o
         8          4          0          0          0          0   entry9a.o
        30          0          0          0          0          0   handlers.o
        36          8          0          0          0         68   init.o
       188         20          0          0          0        160   malloc.o
        36          0          0          0          0         68   memcpya.o
         0          0          0          8          0          0   mvars.o

    ----------------------------------------------------------------------
       312         36          0          8          0        296   Library Totals
         2          0          0          0          0          0   (incl. Padding)

    ----------------------------------------------------------------------

      Code (inc. data)   RO Data    RW Data    ZI Data      Debug   Library Name

       310         36          0          8          0        296   mc_w.l

    ----------------------------------------------------------------------
       312         36          0          8          0        296   Library Totals

    ----------------------------------------------------------------------

==============================================================================


      Code (inc. data)   RO Data    RW Data    ZI Data      Debug   

     28412       1190        744        168      30184     694682   Grand Totals
     28412       1190        744        168      30184     694682   ELF Image Totals
     28412       1190        744        168          0          0   ROM Totals

==============================================================================

    Total RO  Size (Code + RO Data)                29156 (  28.47kB)
    Total RW  Size (RW Data + ZI Data)             30352 (  29.64kB)
    Total ROM Size (Code + RO Data + RW Data)      29324 (  28.64kB)

==============================================================================

